Archive member included to satisfy reference by file (symbol)

C:/devkitpro/libgba/lib\libgba.a(pcx.o)
                              gbatrump.o (DecodePCX)
C:/devkitpro/libgba/lib\libgba.a(interrupt.o)
                              gbatrump.o (irqInit)
C:/devkitpro/libgba/lib\libgba.a(fade.o)
                              gbatrump.o (FadeToPalette)
C:/devkitpro/libgba/lib\libgba.a(input.o)
                              gbatrump.o (scanKeys)
C:/devkitpro/libgba/lib\libgba.a(InterruptDispatcher.o)
                              C:/devkitpro/libgba/lib\libgba.a(interrupt.o) (IntrMain)
C:/devkitpro/devkitARM/bin/../lib/gcc/arm-none-eabi/13.2.0/thumb\libgcc.a(_divsi3.o)
                              C:/devkitpro/libgba/lib\libgba.a(fade.o) (__aeabi_idiv)
C:/devkitpro/devkitARM/bin/../lib/gcc/arm-none-eabi/13.2.0/thumb\libgcc.a(_dvmd_tls.o)
                              C:/devkitpro/devkitARM/bin/../lib/gcc/arm-none-eabi/13.2.0/thumb\libgcc.a(_divsi3.o) (__aeabi_idiv0)
C:/devkitpro/devkitARM/bin/../lib/gcc/arm-none-eabi/13.2.0/../../../../arm-none-eabi/lib/thumb\libg.a(libc_a-printf.o)
                              gbatrump.o (printf)
C:/devkitpro/devkitARM/bin/../lib/gcc/arm-none-eabi/13.2.0/../../../../arm-none-eabi/lib/thumb\libg.a(libc_a-memset.o)
                              C:/devkitpro/libgba/lib\libgba.a(pcx.o) (memset)
C:/devkitpro/devkitARM/bin/../lib/gcc/arm-none-eabi/13.2.0/../../../../arm-none-eabi/lib/thumb\libg.a(libc_a-vfprintf.o)
                              C:/devkitpro/devkitARM/bin/../lib/gcc/arm-none-eabi/13.2.0/../../../../arm-none-eabi/lib/thumb\libg.a(libc_a-printf.o) (_vfprintf_r)
C:/devkitpro/devkitARM/bin/../lib/gcc/arm-none-eabi/13.2.0/../../../../arm-none-eabi/lib/thumb\libg.a(libc_a-strlen.o)
                              C:/devkitpro/devkitARM/bin/../lib/gcc/arm-none-eabi/13.2.0/../../../../arm-none-eabi/lib/thumb\libg.a(libc_a-vfprintf.o) (strlen)
C:/devkitpro/devkitARM/bin/../lib/gcc/arm-none-eabi/13.2.0/../../../../arm-none-eabi/lib/thumb\libg.a(libc_a-fflush.o)
                              C:/devkitpro/devkitARM/bin/../lib/gcc/arm-none-eabi/13.2.0/../../../../arm-none-eabi/lib/thumb\libg.a(libc_a-vfprintf.o) (_fflush_r)
C:/devkitpro/devkitARM/bin/../lib/gcc/arm-none-eabi/13.2.0/../../../../arm-none-eabi/lib/thumb\libg.a(libc_a-fwalk.o)
                              C:/devkitpro/devkitARM/bin/../lib/gcc/arm-none-eabi/13.2.0/../../../../arm-none-eabi/lib/thumb\libg.a(libc_a-fflush.o) (_fwalk_sglue)
C:/devkitpro/devkitARM/bin/../lib/gcc/arm-none-eabi/13.2.0/../../../../arm-none-eabi/lib/thumb\libg.a(libc_a-strncpy.o)
                              C:/devkitpro/devkitARM/bin/../lib/gcc/arm-none-eabi/13.2.0/../../../../arm-none-eabi/lib/thumb\libg.a(libc_a-vfprintf.o) (strncpy)
C:/devkitpro/devkitARM/bin/../lib/gcc/arm-none-eabi/13.2.0/../../../../arm-none-eabi/lib/thumb\libg.a(libc_a-findfp.o)
                              C:/devkitpro/devkitARM/bin/../lib/gcc/arm-none-eabi/13.2.0/../../../../arm-none-eabi/lib/thumb\libg.a(libc_a-fflush.o) (__sglue)
C:/devkitpro/devkitARM/bin/../lib/gcc/arm-none-eabi/13.2.0/../../../../arm-none-eabi/lib/thumb\libg.a(libc_a-locale.o)
                              C:/devkitpro/devkitARM/bin/../lib/gcc/arm-none-eabi/13.2.0/../../../../arm-none-eabi/lib/thumb\libg.a(libc_a-vfprintf.o) (__global_locale)
C:/devkitpro/devkitARM/bin/../lib/gcc/arm-none-eabi/13.2.0/../../../../arm-none-eabi/lib/thumb\libg.a(libc_a-strcmp.o)
                              C:/devkitpro/devkitARM/bin/../lib/gcc/arm-none-eabi/13.2.0/../../../../arm-none-eabi/lib/thumb\libg.a(libc_a-locale.o) (strcmp)
C:/devkitpro/devkitARM/bin/../lib/gcc/arm-none-eabi/13.2.0/../../../../arm-none-eabi/lib/thumb\libg.a(libc_a-localeconv.o)
                              C:/devkitpro/devkitARM/bin/../lib/gcc/arm-none-eabi/13.2.0/../../../../arm-none-eabi/lib/thumb\libg.a(libc_a-vfprintf.o) (_localeconv_r)
C:/devkitpro/devkitARM/bin/../lib/gcc/arm-none-eabi/13.2.0/../../../../arm-none-eabi/lib/thumb\libg.a(libc_a-strcpy.o)
                              C:/devkitpro/devkitARM/bin/../lib/gcc/arm-none-eabi/13.2.0/../../../../arm-none-eabi/lib/thumb\libg.a(libc_a-locale.o) (strcpy)
C:/devkitpro/devkitARM/bin/../lib/gcc/arm-none-eabi/13.2.0/../../../../arm-none-eabi/lib/thumb\libg.a(libc_a-memchr-stub.o)
                              C:/devkitpro/devkitARM/bin/../lib/gcc/arm-none-eabi/13.2.0/../../../../arm-none-eabi/lib/thumb\libg.a(libc_a-vfprintf.o) (memchr)
C:/devkitpro/devkitARM/bin/../lib/gcc/arm-none-eabi/13.2.0/../../../../arm-none-eabi/lib/thumb\libg.a(libc_a-wctomb_r.o)
                              C:/devkitpro/devkitARM/bin/../lib/gcc/arm-none-eabi/13.2.0/../../../../arm-none-eabi/lib/thumb\libg.a(libc_a-locale.o) (__ascii_wctomb)
C:/devkitpro/devkitARM/bin/../lib/gcc/arm-none-eabi/13.2.0/../../../../arm-none-eabi/lib/thumb\libg.a(libc_a-memcpy-stub.o)
[...]
Memory Configuration

Name             Origin             Length             Attributes
rom              0x08000000         0x02000000
iwram            0x03000000         0x00008000
ewram            0x02000000         0x00040000
*default*        0x00000000         0xffffffff

Linker script and memory map

                0x08000000                        __text_start = ORIGIN (rom)
                0x02040000                        __eheap_end = (ORIGIN (ewram) + LENGTH (ewram))
                0x03000000                        __iwram_start = ORIGIN (iwram)
                0x03008000                        __iwram_top = (ORIGIN (iwram) + LENGTH (iwram))
                0x03007fa0                        __sp_irq = (__iwram_top - 0x60)
                0x03007f00                        __sp_usr = (__sp_irq - 0xa0)
                0x03007ff8                        __irq_flags = 0x3007ff8
                0x08000000                        . = __text_start

.crt0           0x08000000      0x210
 *(.crt0)
 .crt0          0x08000000      0x210 C:/devkitpro/devkitARM/bin/../lib/gcc/arm-none-eabi/13.2.0/../../../../arm-none-eabi/lib/thumb/gba_crt0.o
                0x08000000                _start
                0x080000c4                __boot_method
                0x080000c5                __slave_number
                0x080000e0                start_vector
                0x08000210                        . = ALIGN (0x4)

.init           0x08000210        0xc
 *(SORT_NONE(.init))
 .init          0x08000210        0x4 C:/devkitpro/devkitARM/bin/../lib/gcc/arm-none-eabi/13.2.0/thumb/crti.o
                0x08000210                _init
 .init          0x08000214        0x8 C:/devkitpro/devkitARM/bin/../lib/gcc/arm-none-eabi/13.2.0/thumb/crtn.o

.plt            0x0800021c        0x0
 *(.plt)
                0x0800021c                        . = ALIGN (0x4)

.text           0x08000220     0x9d78
 *(EXCLUDE_FILE(*.iwram*) .text*)
 .text.__do_global_dtors_aux
                0x08000220       0x2c C:/devkitpro/devkitARM/bin/../lib/gcc/arm-none-eabi/13.2.0/thumb/crtbegin.o
 .text.frame_dummy
                0x0800024c       0x24 C:/devkitpro/devkitARM/bin/../lib/gcc/arm-none-eabi/13.2.0/thumb/crtbegin.o
 .text          0x08000270       0x18 gbatrump.o
                0x08000270                VblankInterrupt
 .text.startup  0x08000288       0x70 gbatrump.o
                0x08000288                main
 .text          0x080002f8      0x1bc C:/devkitpro/libgba/lib\libgba.a(pcx.o)
                0x080002f8                DecodePCX
 .text          0x080004b4      0x3b8 C:/devkitpro/libgba/lib\libgba.a(interrupt.o)
                0x080004b4                dummy
                0x080004b8                InitInterrupt
                0x08000514                irqInit
                0x08000570                SetInterrupt
                0x08000654                irqSet
                0x08000738                EnableInterrupt
                0x08000784                irqEnable
                0x080007d4                DisableInterrupt
                0x08000820                irqDisable
 .text          0x0800086c      0x24c C:/devkitpro/libgba/lib\libgba.a(fade.o)
                0x0800091c                SetPalette
                0x08000944                FadeToGrayScale
                0x080009fc                FadeToPalette
 .text          0x08000ab8       0xbc C:/devkitpro/libgba/lib\libgba.a(input.o)
                0x08000ab8                setRepeat
                0x08000ac4                scanKeys
                0x08000b38                keysDownRepeat
                0x08000b48                keysDown
                0x08000b58                keysUp
                0x08000b68                keysHeld
 .text          0x08000b74      0x150 C:/devkitpro/devkitARM/bin/../lib/gcc/arm-none-eabi/13.2.0/thumb\libgcc.a(_divsi3.o)
                0x08000b74                __divsi3
                0x08000b74                __aeabi_idiv
                0x08000ca4                __aeabi_idivmod
 .text          0x08000cc4        0x4 C:/devkitpro/devkitARM/bin/../lib/gcc/arm-none-eabi/13.2.0/thumb\libgcc.a(_dvmd_tls.o)
                0x08000cc4                __aeabi_idiv0
                0x08000cc4                __aeabi_ldiv0
 .text.printf   0x08000cc8       0x24 C:/devkitpro/devkitARM/bin/../lib/gcc/arm-none-eabi/13.2.0/../../../../arm-none-eabi/lib/thumb\libg.a(libc_a-printf.o)
                0x08000cc8                printf
 .text.memset   0x08000cec       0xb0 C:/devkitpro/devkitARM/bin/../lib/gcc/arm-none-eabi/13.2.0/../../../../arm-none-eabi/lib/thumb\libg.a(libc_a-memset.o)
                0x08000cec                memset
 .text.get_arg  0x08000d9c      0x434 C:/devkitpro/devkitARM/bin/../lib/gcc/arm-none-eabi/13.2.0/../../../../arm-none-eabi/lib/thumb\libg.a(libc_a-vfprintf.o)
 .text._vfprintf_r
                0x080011d0     0x2388 C:/devkitpro/devkitARM/bin/../lib/gcc/arm-none-eabi/13.2.0/../../../../arm-none-eabi/lib/thumb\libg.a(libc_a-vfprintf.o)
                0x080011d0                _vfprintf_r
 .text.__sbprintf
                0x08003558       0x7c C:/devkitpro/devkitARM/bin/../lib/gcc/arm-none-eabi/13.2.0/../../../../arm-none-eabi/lib/thumb\libg.a(libc_a-vfprintf.o)
 .text.strlen   0x080035d4       0x60 C:/devkitpro/devkitARM/bin/../lib/gcc/arm-none-eabi/13.2.0/../../../../arm-none-eabi/lib/thumb\libg.a(libc_a-strlen.o)
                0x080035d4                strlen
 .text.__sflush_r
                0x08003634      0x188 C:/devkitpro/devkitARM/bin/../lib/gcc/arm-none-eabi/13.2.0/../../../../arm-none-eabi/lib/thumb\libg.a(libc_a-fflush.o)
                0x08003634                __sflush_r
 .text._fflush_r
                0x080037bc       0x70 C:/devkitpro/devkitARM/bin/../lib/gcc/arm-none-eabi/13.2.0/../../../../arm-none-eabi/lib/thumb\libg.a(libc_a-fflush.o)
                0x080037bc                _fflush_r
 .text._fwalk_sglue
                0x0800382c       0x4c C:/devkitpro/devkitARM/bin/../lib/gcc/arm-none-eabi/13.2.0/../../../../arm-none-eabi/lib/thumb\libg.a(libc_a-fwalk.o)
                0x0800382c                _fwalk_sglue
 .text.strncpy  0x08003878       0x68 C:/devkitpro/devkitARM/bin/../lib/gcc/arm-none-eabi/13.2.0/../../../../arm-none-eabi/lib/thumb\libg.a(libc_a-strncpy.o)
                0x08003878                strncpy
 .text.stdio_exit_handler
                0x080038e0       0x20 C:/devkitpro/devkitARM/bin/../lib/gcc/arm-none-eabi/13.2.0/../../../../arm-none-eabi/lib/thumb\libg.a(libc_a-findfp.o)
 .text.cleanup_stdio
                0x08003900       0x40 C:/devkitpro/devkitARM/bin/../lib/gcc/arm-none-eabi/13.2.0/../../../../arm-none-eabi/lib/thumb\libg.a(libc_a-findfp.o)
 .text.global_stdio_init.part.0
                0x08003940      0x128 C:/devkitpro/devkitARM/bin/../lib/gcc/arm-none-eabi/13.2.0/../../../../arm-none-eabi/lib/thumb\libg.a(libc_a-findfp.o)
 .text.__sinit  0x08003a68       0x3c C:/devkitpro/devkitARM/bin/../lib/gcc/arm-none-eabi/13.2.0/../../../../arm-none-eabi/lib/thumb\libg.a(libc_a-findfp.o)
                0x08003a68                __sinit
 .text.__sfp_lock_acquire
                0x08003aa4       0x14 C:/devkitpro/devkitARM/bin/../lib/gcc/arm-none-eabi/13.2.0/../../../../arm-none-eabi/lib/thumb\libg.a(libc_a-findfp.o)
                0x08003aa4                __sfp_lock_acquire
 .text.__sfp_lock_release
                0x08003ab8       0x14 C:/devkitpro/devkitARM/bin/../lib/gcc/arm-none-eabi/13.2.0/../../../../arm-none-eabi/lib/thumb\libg.a(libc_a-findfp.o)
                0x08003ab8                __sfp_lock_release
 .text.__locale_mb_cur_max
                0x08003acc       0x20 C:/devkitpro/devkitARM/bin/../lib/gcc/arm-none-eabi/13.2.0/../../../../arm-none-eabi/lib/thumb\libg.a(libc_a-locale.o)
                0x08003acc                __locale_mb_cur_max
 .text._localeconv_r
                0x08003aec       0x1c C:/devkitpro/devkitARM/bin/../lib/gcc/arm-none-eabi/13.2.0/../../../../arm-none-eabi/lib/thumb\libg.a(libc_a-localeconv.o)
                0x08003aec                _localeconv_r
 .text.memchr   0x08003b08       0x78 C:/devkitpro/devkitARM/bin/../lib/gcc/arm-none-eabi/13.2.0/../../../../arm-none-eabi/lib/thumb\libg.a(libc_a-memchr-stub.o)
                0x08003b08                memchr
 .text.__utf8_wctomb
                0x08003b80       0xb4 C:/devkitpro/devkitARM/bin/../lib/gcc/arm-none-eabi/13.2.0/../../../../arm-none-eabi/lib/thumb\libg.a(libc_a-wctomb_r.o)
                0x08003b80                __utf8_wctomb
 .text.memcpy   0x08003c34       0x90 C:/devkitpro/devkitARM/bin/../lib/gcc/arm-none-eabi/13.2.0/../../../../arm-none-eabi/lib/thumb\libg.a(libc_a-memcpy-stub.o)
                0x08003c34                memcpy
 .text.__libc_init_array
                0x08003cc4       0x54 C:/devkitpro/devkitARM/bin/../lib/gcc/arm-none-eabi/13.2.0/../../../../arm-none-eabi/lib/thumb\libg.a(libc_a-init.o)
                0x08003cc4                __libc_init_array
 .text.frexp    0x08003d18       0x6c C:/devkitpro/devkitARM/bin/../lib/gcc/arm-none-eabi/13.2.0/../../../../arm-none-eabi/lib/thumb\libg.a(libm_a-s_frexp.o)
                0x08003d18                frexp
 .text._wcrtomb_r
                0x08003d84       0x84 C:/devkitpro/devkitARM/bin/../lib/gcc/arm-none-eabi/13.2.0/../../../../arm-none-eabi/lib/thumb\libg.a(libc_a-wcrtomb.o)
                0x08003d84                _wcrtomb_r
 .text._wcsrtombs_r
                0x08003e08       0x1c C:/devkitpro/devkitARM/bin/../lib/gcc/arm-none-eabi/13.2.0/../../../../arm-none-eabi/lib/thumb\libg.a(libc_a-wcsrtombs.o)
                0x08003e08                _wcsrtombs_r
 .text.__sread  0x08003e24       0x34 C:/devkitpro/devkitARM/bin/../lib/gcc/arm-none-eabi/13.2.0/../../../../arm-none-eabi/lib/thumb\libg.a(libc_a-stdio.o)
                0x08003e24                __sread
 .text.__swrite
                0x08003e58       0x4c C:/devkitpro/devkitARM/bin/../lib/gcc/arm-none-eabi/13.2.0/../../../../arm-none-eabi/lib/thumb\libg.a(libc_a-stdio.o)
                0x08003e58                __swrite
 .text.__sseek  0x08003ea4       0x44 C:/devkitpro/devkitARM/bin/../lib/gcc/arm-none-eabi/13.2.0/../../../../arm-none-eabi/lib/thumb\libg.a(libc_a-stdio.o)
                0x08003ea4                __sseek
 .text.__sclose
                0x08003ee8       0x10 C:/devkitpro/devkitARM/bin/../lib/gcc/arm-none-eabi/13.2.0/../../../../arm-none-eabi/lib/thumb\libg.a(libc_a-stdio.o)
                0x08003ee8                __sclose
 .text.get_arg  0x08003ef8      0x434 C:/devkitpro/devkitARM/bin/../lib/gcc/arm-none-eabi/13.2.0/../../../../arm-none-eabi/lib/thumb\libg.a(libc_a-vfiprintf.o)
 .text.__sprint_r
                0x0800432c       0x24 C:/devkitpro/devkitARM/bin/../lib/gcc/arm-none-eabi/13.2.0/../../../../arm-none-eabi/lib/thumb\libg.a(libc_a-vfiprintf.o)
                0x0800432c                __sprint_r
 .text._vfiprintf_r
                0x08004350     0x17cc C:/devkitpro/devkitARM/bin/../lib/gcc/arm-none-eabi/13.2.0/../../../../arm-none-eabi/lib/thumb\libg.a(libc_a-vfiprintf.o)
                0x08004350                _vfiprintf_r
 .text.__sbprintf
                0x08005b1c       0x7c C:/devkitpro/devkitARM/bin/../lib/gcc/arm-none-eabi/13.2.0/../../../../arm-none-eabi/lib/thumb\libg.a(libc_a-vfiprintf.o)
 .text._malloc_trim_r
                0x08005b98       0xac C:/devkitpro/devkitARM/bin/../lib/gcc/arm-none-eabi/13.2.0/../../../../arm-none-eabi/lib/thumb\libg.a(libc_a-freer.o)
                0x08005b98                _malloc_trim_r
 .text._free_r  0x08005c44      0x1d8 C:/devkitpro/devkitARM/bin/../lib/gcc/arm-none-eabi/13.2.0/../../../../arm-none-eabi/lib/thumb\libg.a(libc_a-freer.o)
                0x08005c44                _free_r
 .text.__swsetup_r
                0x08005e1c       0xcc C:/devkitpro/devkitARM/bin/../lib/gcc/arm-none-eabi/13.2.0/../../../../arm-none-eabi/lib/thumb\libg.a(libc_a-wsetup.o)
                0x08005e1c                __swsetup_r
 .text.quorem   0x08005ee8      0x158 C:/devkitpro/devkitARM/bin/../lib/gcc/arm-none-eabi/13.2.0/../../../../arm-none-eabi/lib/thumb\libg.a(libc_a-dtoa.o)
 .text._dtoa_r  0x08006040     0x1024 C:/devkitpro/devkitARM/bin/../lib/gcc/arm-none-eabi/13.2.0/../../../../arm-none-eabi/lib/thumb\libg.a(libc_a-dtoa.o)
                0x08006040                _dtoa_r
 .text._fclose_r
                0x08007064       0xd8 C:/devkitpro/devkitARM/bin/../lib/gcc/arm-none-eabi/13.2.0/../../../../arm-none-eabi/lib/thumb\libg.a(libc_a-fclose.o)
                0x08007064                _fclose_r
 .text._malloc_r
                0x0800713c      0x558 C:/devkitpro/devkitARM/bin/../lib/gcc/arm-none-eabi/13.2.0/../../../../arm-none-eabi/lib/thumb\libg.a(libc_a-mallocr.o)
                0x0800713c                _malloc_r
 .text.memmove  0x08007694       0xbc C:/devkitpro/devkitARM/bin/../lib/gcc/arm-none-eabi/13.2.0/../../../../arm-none-eabi/lib/thumb\libg.a(libc_a-memmove.o)
                0x08007694                memmove
 .text.__malloc_lock
                0x08007750       0x14 C:/devkitpro/devkitARM/bin/../lib/gcc/arm-none-eabi/13.2.0/../../../../arm-none-eabi/lib/thumb\libg.a(libc_a-mlock.o)
                0x08007750                __malloc_lock
 .text.__malloc_unlock
                0x08007764       0x14 C:/devkitpro/devkitARM/bin/../lib/gcc/arm-none-eabi/13.2.0/../../../../arm-none-eabi/lib/thumb\libg.a(libc_a-mlock.o)
                0x08007764                __malloc_unlock
 .text._Balloc  0x08007778       0x54 C:/devkitpro/devkitARM/bin/../lib/gcc/arm-none-eabi/13.2.0/../../../../arm-none-eabi/lib/thumb\libg.a(libc_a-mprec.o)
                0x08007778                _Balloc
 .text._Bfree   0x080077cc       0x14 C:/devkitpro/devkitARM/bin/../lib/gcc/arm-none-eabi/13.2.0/../../../../arm-none-eabi/lib/thumb\libg.a(libc_a-mprec.o)
                0x080077cc                _Bfree
 .text.__multadd
                0x080077e0       0xac C:/devkitpro/devkitARM/bin/../lib/gcc/arm-none-eabi/13.2.0/../../../../arm-none-eabi/lib/thumb\libg.a(libc_a-mprec.o)
                0x080077e0                __multadd
 .text.__hi0bits
                0x0800788c       0x4c C:/devkitpro/devkitARM/bin/../lib/gcc/arm-none-eabi/13.2.0/../../../../arm-none-eabi/lib/thumb\libg.a(libc_a-mprec.o)
                0x0800788c                __hi0bits
 .text.__lo0bits
                0x080078d8       0x5c C:/devkitpro/devkitARM/bin/../lib/gcc/arm-none-eabi/13.2.0/../../../../arm-none-eabi/lib/thumb\libg.a(libc_a-mprec.o)
                0x080078d8                __lo0bits
 .text.__i2b    0x08007934       0x64 C:/devkitpro/devkitARM/bin/../lib/gcc/arm-none-eabi/13.2.0/../../../../arm-none-eabi/lib/thumb\libg.a(libc_a-mprec.o)
                0x08007934                __i2b
 .text.__multiply
                0x08007998      0x1b0 C:/devkitpro/devkitARM/bin/../lib/gcc/arm-none-eabi/13.2.0/../../../../arm-none-eabi/lib/thumb\libg.a(libc_a-mprec.o)
                0x08007998                __multiply
 .text.__pow5mult
                0x08007b48       0xd4 C:/devkitpro/devkitARM/bin/../lib/gcc/arm-none-eabi/13.2.0/../../../../arm-none-eabi/lib/thumb\libg.a(libc_a-mprec.o)
                0x08007b48                __pow5mult
 .text.__lshift
                0x08007c1c      0x100 C:/devkitpro/devkitARM/bin/../lib/gcc/arm-none-eabi/13.2.0/../../../../arm-none-eabi/lib/thumb\libg.a(libc_a-mprec.o)
                0x08007c1c                __lshift
 .text.__mcmp   0x08007d1c       0x40 C:/devkitpro/devkitARM/bin/../lib/gcc/arm-none-eabi/13.2.0/../../../../arm-none-eabi/lib/thumb\libg.a(libc_a-mprec.o)
                0x08007d1c                __mcmp
 .text.__mdiff  0x08007d5c      0x1b4 C:/devkitpro/devkitARM/bin/../lib/gcc/arm-none-eabi/13.2.0/../../../../arm-none-eabi/lib/thumb\libg.a(libc_a-mprec.o)
                0x08007d5c                __mdiff
 .text.__d2b    0x08007f10       0xd0 C:/devkitpro/devkitARM/bin/../lib/gcc/arm-none-eabi/13.2.0/../../../../arm-none-eabi/lib/thumb\libg.a(libc_a-mprec.o)
                0x08007f10                __d2b
 .text.__sfvwrite_r
                0x08007fe0      0x330 C:/devkitpro/devkitARM/bin/../lib/gcc/arm-none-eabi/13.2.0/../../../../arm-none-eabi/lib/thumb\libg.a(libc_a-fvwrite.o)
                0x08007fe0                __sfvwrite_r
 .text._realloc_r
                0x08008310      0x384 C:/devkitpro/devkitARM/bin/../lib/gcc/arm-none-eabi/13.2.0/../../../../arm-none-eabi/lib/thumb\libg.a(libc_a-reallocr.o)
                0x08008310                _realloc_r
 .text.__utf8_mbtowc
                0x08008694      0x27c C:/devkitpro/devkitARM/bin/../lib/gcc/arm-none-eabi/13.2.0/../../../../arm-none-eabi/lib/thumb\libg.a(libc_a-mbtowc_r.o)
                0x08008694                __utf8_mbtowc
 .text.__errno  0x08008910        0xc C:/devkitpro/devkitARM/bin/../lib/gcc/arm-none-eabi/13.2.0/../../../../arm-none-eabi/lib/thumb\libg.a(libc_a-errno.o)
                0x08008910                __errno
 .text.__smakebuf_r
                0x0800891c       0xe8 C:/devkitpro/devkitARM/bin/../lib/gcc/arm-none-eabi/13.2.0/../../../../arm-none-eabi/lib/thumb\libg.a(libc_a-makebuf.o)
                0x0800891c                __smakebuf_r
 .text._wcsnrtombs_l
                0x08008a04      0x11c C:/devkitpro/devkitARM/bin/../lib/gcc/arm-none-eabi/13.2.0/../../../../arm-none-eabi/lib/thumb\libg.a(libc_a-wcsnrtombs.o)
                0x08008a04                _wcsnrtombs_l
 .text._wcsnrtombs_r
                0x08008b20       0x40 C:/devkitpro/devkitARM/bin/../lib/gcc/arm-none-eabi/13.2.0/../../../../arm-none-eabi/lib/thumb\libg.a(libc_a-wcsnrtombs.o)
                0x08008b20                _wcsnrtombs_r
 .text._calloc_r
                0x08008b60       0xb8 C:/devkitpro/devkitARM/bin/../lib/gcc/arm-none-eabi/13.2.0/../../../../arm-none-eabi/lib/thumb\libg.a(libc_a-callocr.o)
                0x08008b60                _calloc_r
 .text.__assert_func
                0x08008c18       0x40 C:/devkitpro/devkitARM/bin/../lib/gcc/arm-none-eabi/13.2.0/../../../../arm-none-eabi/lib/thumb\libg.a(libc_a-assert.o)
                0x08008c18                __assert_func
 .text.fiprintf
                0x08008c58       0x28 C:/devkitpro/devkitARM/bin/../lib/gcc/arm-none-eabi/13.2.0/../../../../arm-none-eabi/lib/thumb\libg.a(libc_a-fiprintf.o)
                0x08008c58                fiprintf
 .text.abort    0x08008c80       0x10 C:/devkitpro/devkitARM/bin/../lib/gcc/arm-none-eabi/13.2.0/../../../../arm-none-eabi/lib/thumb\libg.a(libc_a-abort.o)
                0x08008c80                abort
 .text._raise_r
                0x08008c90       0x60 C:/devkitpro/devkitARM/bin/../lib/gcc/arm-none-eabi/13.2.0/../../../../arm-none-eabi/lib/thumb\libg.a(libc_a-signal.o)
                0x08008c90                _raise_r
 .text.raise    0x08008cf0       0x14 C:/devkitpro/devkitARM/bin/../lib/gcc/arm-none-eabi/13.2.0/../../../../arm-none-eabi/lib/thumb\libg.a(libc_a-signal.o)
                0x08008cf0                raise
 .text._exit    0x08008d04       0x14 C:/devkitpro/devkitARM/bin/../lib/gcc/arm-none-eabi/13.2.0/../../../../arm-none-eabi/lib/thumb\libsysbase.a(libsysbase_libsysbase_a-_exit.o)
                0x08008d04                _exit
 .text._fstat_r
                0x08008d18       0x4c C:/devkitpro/devkitARM/bin/../lib/gcc/arm-none-eabi/13.2.0/../../../../arm-none-eabi/lib/thumb\libsysbase.a(libsysbase_libsysbase_a-fstat.o)
                0x08008d18                _fstat_r
 .text._getpid_r
                0x08008d64        0xc C:/devkitpro/devkitARM/bin/../lib/gcc/arm-none-eabi/13.2.0/../../../../arm-none-eabi/lib/thumb\libsysbase.a(libsysbase_libsysbase_a-getpid.o)
                0x08008d64                _getpid_r
 .text.__getreent
                0x08008d70       0x20 C:/devkitpro/devkitARM/bin/../lib/gcc/arm-none-eabi/13.2.0/../../../../arm-none-eabi/lib/thumb\libsysbase.a(libsysbase_libsysbase_a-getreent.o)
                0x08008d70                __getreent
 .text.__get_handle
                0x08008d90       0x34 C:/devkitpro/devkitARM/bin/../lib/gcc/arm-none-eabi/13.2.0/../../../../arm-none-eabi/lib/thumb\libsysbase.a(libsysbase_libsysbase_a-handle_manager.o)
                0x08008d90                __get_handle
 .text._close_r
                0x08008dc4       0xb8 C:/devkitpro/devkitARM/bin/../lib/gcc/arm-none-eabi/13.2.0/../../../../arm-none-eabi/lib/thumb\libsysbase.a(libsysbase_libsysbase_a-handle_manager.o)
                0x08008dc4                _close_r
 .text.null_write
                0x08008e7c        0x4 C:/devkitpro/devkitARM/bin/../lib/gcc/arm-none-eabi/13.2.0/../../../../arm-none-eabi/lib/thumb\libsysbase.a(libsysbase_libsysbase_a-iosupport.o)
 .text._isatty_r
                0x08008e80        0x4 C:/devkitpro/devkitARM/bin/../lib/gcc/arm-none-eabi/13.2.0/../../../../arm-none-eabi/lib/thumb\libsysbase.a(libsysbase_libsysbase_a-isatty.o)
                0x08008e80                _isatty_r
 .text._kill_r  0x08008e84        0xc C:/devkitpro/devkitARM/bin/../lib/gcc/arm-none-eabi/13.2.0/../../../../arm-none-eabi/lib/thumb\libsysbase.a(libsysbase_libsysbase_a-kill.o)
                0x08008e84                _kill_r
 .text._lseek_r
                0x08008e90       0x5c C:/devkitpro/devkitARM/bin/../lib/gcc/arm-none-eabi/13.2.0/../../../../arm-none-eabi/lib/thumb\libsysbase.a(libsysbase_libsysbase_a-lseek.o)
                0x08008e90                _lseek_r
 .text._read_r  0x08008eec       0x50 C:/devkitpro/devkitARM/bin/../lib/gcc/arm-none-eabi/13.2.0/../../../../arm-none-eabi/lib/thumb\libsysbase.a(libsysbase_libsysbase_a-read.o)
                0x08008eec                _read_r
 .text._sbrk_r  0x08008f3c       0x54 C:/devkitpro/devkitARM/bin/../lib/gcc/arm-none-eabi/13.2.0/../../../../arm-none-eabi/lib/thumb\libsysbase.a(libsysbase_libsysbase_a-sbrk.o)
                0x08008f3c                _sbrk_r
 .text.sleep    0x08008f90       0x38 C:/devkitpro/devkitARM/bin/../lib/gcc/arm-none-eabi/13.2.0/../../../../arm-none-eabi/lib/thumb\libsysbase.a(libsysbase_libsysbase_a-sleep.o)
                0x08008f90                sleep
 .text.__libc_lock_acquire
                0x08008fc8       0x18 C:/devkitpro/devkitARM/bin/../lib/gcc/arm-none-eabi/13.2.0/../../../../arm-none-eabi/lib/thumb\libsysbase.a(libsysbase_libsysbase_a-syscall_support.o)
                0x08008fc8                __libc_lock_acquire
 .text.__libc_lock_release
                0x08008fe0       0x18 C:/devkitpro/devkitARM/bin/../lib/gcc/arm-none-eabi/13.2.0/../../../../arm-none-eabi/lib/thumb\libsysbase.a(libsysbase_libsysbase_a-syscall_support.o)
                0x08008fe0                __libc_lock_release
 .text.__libc_lock_acquire_recursive
                0x08008ff8       0x18 C:/devkitpro/devkitARM/bin/../lib/gcc/arm-none-eabi/13.2.0/../../../../arm-none-eabi/lib/thumb\libsysbase.a(libsysbase_libsysbase_a-syscall_support.o)
                0x08008ff8                __libc_lock_acquire_recursive
 .text.__libc_lock_release_recursive
                0x08009010       0x18 C:/devkitpro/devkitARM/bin/../lib/gcc/arm-none-eabi/13.2.0/../../../../arm-none-eabi/lib/thumb\libsysbase.a(libsysbase_libsysbase_a-syscall_support.o)
                0x08009010                __libc_lock_release_recursive
 .text._write_r
                0x08009028       0x50 C:/devkitpro/devkitARM/bin/../lib/gcc/arm-none-eabi/13.2.0/../../../../arm-none-eabi/lib/thumb\libsysbase.a(libsysbase_libsysbase_a-write.o)
                0x08009028                _write_r
 .text.nanosleep
                0x08009078       0x30 C:/devkitpro/devkitARM/bin/../lib/gcc/arm-none-eabi/13.2.0/../../../../arm-none-eabi/lib/thumb\libsysbase.a(libsysbase_libsysbase_a-nanosleep.o)
                0x08009078                nanosleep
 .text          0x080090a8       0x14 C:/devkitpro/devkitARM/bin/../lib/gcc/arm-none-eabi/13.2.0/thumb\libgcc.a(_thumb1_case_uqi.o)
                0x080090a8                __gnu_thumb1_case_uqi
 .text          0x080090bc       0x14 C:/devkitpro/devkitARM/bin/../lib/gcc/arm-none-eabi/13.2.0/thumb\libgcc.a(_thumb1_case_uhi.o)
                0x080090bc                __gnu_thumb1_case_uhi
 .text          0x080090d0      0x11c C:/devkitpro/devkitARM/bin/../lib/gcc/arm-none-eabi/13.2.0/thumb\libgcc.a(_udivsi3.o)
                0x080090d0                __aeabi_uidiv
                0x080090d0                __udivsi3
                0x080091cc                __aeabi_uidivmod
 .text          0x080091ec      0x424 C:/devkitpro/devkitARM/bin/../lib/gcc/arm-none-eabi/13.2.0/thumb\libgcc.a(_arm_addsubdf3.o)
                0x080091ec                __aeabi_drsub
                0x080091f4                __aeabi_dsub
                0x080091f4                __subdf3
                0x080091f8                __aeabi_dadd
                0x080091f8                __adddf3
                0x08009508                __floatunsidf
                0x08009508                __aeabi_ui2d
                0x0800952c                __floatsidf
                0x0800952c                __aeabi_i2d
                0x08009554                __aeabi_f2d
                0x08009554                __extendsfdf2
                0x0800959c                __floatundidf
                0x0800959c                __aeabi_ul2d
                0x080095b0                __floatdidf
                0x080095b0                __aeabi_l2d
 .text          0x08009610      0x49c C:/devkitpro/devkitARM/bin/../lib/gcc/arm-none-eabi/13.2.0/thumb\libgcc.a(_arm_muldivdf3.o)
                0x08009610                __aeabi_dmul
                0x08009610                __muldf3
                0x080098a0                __divdf3
                0x080098a0                __aeabi_ddiv
 .text          0x08009aac      0x144 C:/devkitpro/devkitARM/bin/../lib/gcc/arm-none-eabi/13.2.0/thumb\libgcc.a(_arm_cmpdf2.o)
                0x08009aac                __gtdf2
                0x08009aac                __gedf2
                0x08009ab4                __ltdf2
                0x08009ab4                __ledf2
                0x08009abc                __nedf2
                0x08009abc                __eqdf2
                0x08009abc                __cmpdf2
                0x08009b44                __aeabi_cdrcmple
                0x08009b60                __aeabi_cdcmpeq
                0x08009b60                __aeabi_cdcmple
                0x08009b78                __aeabi_dcmpeq
                0x08009b90                __aeabi_dcmplt
                0x08009ba8                __aeabi_dcmple
                0x08009bc0                __aeabi_dcmpge
                0x08009bd8                __aeabi_dcmpgt
 .text          0x08009bf0       0x38 C:/devkitpro/devkitARM/bin/../lib/gcc/arm-none-eabi/13.2.0/thumb\libgcc.a(_arm_unorddf2.o)
                0x08009bf0                __unorddf2
                0x08009bf0                __aeabi_dcmpun
 .text          0x08009c28       0x5c C:/devkitpro/devkitARM/bin/../lib/gcc/arm-none-eabi/13.2.0/thumb\libgcc.a(_arm_fixdfsi.o)
                0x08009c28                __aeabi_d2iz
                0x08009c28                __fixdfsi
 .text          0x08009c84       0x3c C:/devkitpro/devkitARM/bin/../lib/gcc/arm-none-eabi/13.2.0/thumb\libgcc.a(_aeabi_uldivmod.o)
                0x08009c84                __aeabi_uldivmod
 .text.__udivmoddi4
                0x08009cc0      0x19c C:/devkitpro/devkitARM/bin/../lib/gcc/arm-none-eabi/13.2.0/thumb\libgcc.a(_udivmoddi4.o)
                0x08009cc0                __udivmoddi4
 .text          0x08009e5c       0x28 C:/devkitpro/devkitARM/bin/../lib/gcc/arm-none-eabi/13.2.0/thumb\libgcc.a(_clzdi2.o)
                0x08009e5c                __clzdi2
 .text          0x08009e84       0x48 C:/devkitpro/devkitARM/bin/../lib/gcc/arm-none-eabi/13.2.0/thumb\libgcc.a(_clzsi2.o)
                0x08009e84                __clzsi2
 .text.free     0x08009ecc       0x14 C:/devkitpro/devkitARM/bin/../lib/gcc/arm-none-eabi/13.2.0/../../../../arm-none-eabi/lib/thumb\libg.a(libc_a-malloc.o)
                0x08009ecc                free
 .text.free.__stub
                0x08009ee0       0xac linker stubs
 *(.gnu.linkonce.t.*)
 *(.text.*personality*)
 *(.gnu.warning)
 *(.glue_7t)
 .glue_7t       0x08009f98        0x0 linker stubs
 *(.glue_7)
 .glue_7        0x08009f98        0x0 linker stubs
 *(.vfp11_veneer)
 .vfp11_veneer  0x08009f98        0x0 linker stubs
                0x08009f98                        . = ALIGN (0x4)
                0x08009f98                        __text_end = .

.v4_bx          0x08009f98        0x0
 .v4_bx         0x08009f98        0x0 linker stubs

.iplt           0x08009f98        0x0
 .iplt          0x08009f98        0x0 C:/devkitpro/devkitARM/bin/../lib/gcc/arm-none-eabi/13.2.0/../../../../arm-none-eabi/lib/thumb/gba_crt0.o

.fini           0x08009f98        0xc
 *(.fini)
 .fini          0x08009f98        0x4 C:/devkitpro/devkitARM/bin/../lib/gcc/arm-none-eabi/13.2.0/thumb/crti.o
                0x08009f98                _fini
 .fini          0x08009f9c        0x8 C:/devkitpro/devkitARM/bin/../lib/gcc/arm-none-eabi/13.2.0/thumb/crtn.o
                0x08009fa4                        . = ALIGN (0x4)

.rodata         0x08009fa8     0x94c8
 *(.rodata)
 *all.rodata*(*)
 *(.roda)
 *(.rodata.*)
 .rodata.trump_pcx
                0x08009fa8     0x8ea8 trump.pcx.o
                0x08009fa8                trump_pcx
                0x08012e50                trump_pcx_end
 .rodata.str1.4
                0x08012e50      0x14c gbatrump.o
                                 0x13 (size before relaxing)
 .rodata._vfprintf_r.str1.1
                0x08012f9c       0x3b C:/devkitpro/devkitARM/bin/../lib/gcc/arm-none-eabi/13.2.0/../../../../arm-none-eabi/lib/thumb\libg.a(libc_a-vfprintf.o)
 *fill*         0x08012fd7        0x1 ff
 .rodata.zeroes.0
                0x08012fd8       0x10 C:/devkitpro/devkitARM/bin/../lib/gcc/arm-none-eabi/13.2.0/../../../../arm-none-eabi/lib/thumb\libg.a(libc_a-vfprintf.o)
 .rodata.blanks.1
                0x08012fe8       0x10 C:/devkitpro/devkitARM/bin/../lib/gcc/arm-none-eabi/13.2.0/../../../../arm-none-eabi/lib/thumb\libg.a(libc_a-vfprintf.o)
 .rodata.str1.4
                0x08012ff8       0x4c C:/devkitpro/devkitARM/bin/../lib/gcc/arm-none-eabi/13.2.0/../../../../arm-none-eabi/lib/thumb\libg.a(libc_a-locale.o)
 .rodata._ctype_
                0x08012ff8      0x101 C:/devkitpro/devkitARM/bin/../lib/gcc/arm-none-eabi/13.2.0/../../../../arm-none-eabi/lib/thumb\libg.a(libc_a-ctype_.o)
                0x08012ff8                _ctype_
 .rodata._vfiprintf_r.str1.1
                0x080130f9       0x29 C:/devkitpro/devkitARM/bin/../lib/gcc/arm-none-eabi/13.2.0/../../../../arm-none-eabi/lib/thumb\libg.a(libc_a-vfiprintf.o)
 *fill*         0x080130f9        0x3 ff
 .rodata.zeroes.0
                0x080130fc       0x10 C:/devkitpro/devkitARM/bin/../lib/gcc/arm-none-eabi/13.2.0/../../../../arm-none-eabi/lib/thumb\libg.a(libc_a-vfiprintf.o)
 .rodata.blanks.1
                0x0801310c       0x10 C:/devkitpro/devkitARM/bin/../lib/gcc/arm-none-eabi/13.2.0/../../../../arm-none-eabi/lib/thumb\libg.a(libc_a-vfiprintf.o)
 .rodata.__action_table
                0x0801311c       0x6c C:/devkitpro/devkitARM/bin/../lib/gcc/arm-none-eabi/13.2.0/../../../../arm-none-eabi/lib/thumb\libg.a(libc_a-svfiprintf.o)
                0x0801311c                __action_table
 .rodata.__state_table
                0x08013188       0x6c C:/devkitpro/devkitARM/bin/../lib/gcc/arm-none-eabi/13.2.0/../../../../arm-none-eabi/lib/thumb\libg.a(libc_a-svfiprintf.o)
                0x08013188                __state_table
 .rodata.__chclass
                0x080131f4      0x100 C:/devkitpro/devkitARM/bin/../lib/gcc/arm-none-eabi/13.2.0/../../../../arm-none-eabi/lib/thumb\libg.a(libc_a-svfiprintf.o)
                0x080131f4                __chclass
 .rodata._dtoa_r.str1.4
                0x080132f4       0x67 C:/devkitpro/devkitARM/bin/../lib/gcc/arm-none-eabi/13.2.0/../../../../arm-none-eabi/lib/thumb\libg.a(libc_a-dtoa.o)
 .rodata.__multadd.str1.4
                0x080132f4       0x54 C:/devkitpro/devkitARM/bin/../lib/gcc/arm-none-eabi/13.2.0/../../../../arm-none-eabi/lib/thumb\libg.a(libc_a-mprec.o)
 .rodata.p05.0  0x080132f4        0xc C:/devkitpro/devkitARM/bin/../lib/gcc/arm-none-eabi/13.2.0/../../../../arm-none-eabi/lib/thumb\libg.a(libc_a-mprec.o)
 .rodata.__mprec_bigtens
                0x08013300       0x28 C:/devkitpro/devkitARM/bin/../lib/gcc/arm-none-eabi/13.2.0/../../../../arm-none-eabi/lib/thumb\libg.a(libc_a-mprec.o)
                0x08013300                __mprec_bigtens
 .rodata.__mprec_tens
                0x08013328       0xc8 C:/devkitpro/devkitARM/bin/../lib/gcc/arm-none-eabi/13.2.0/../../../../arm-none-eabi/lib/thumb\libg.a(libc_a-mprec.o)
                0x08013328                __mprec_tens
 .rodata.__assert_func.str1.4
                0x080133f0       0x43 C:/devkitpro/devkitARM/bin/../lib/gcc/arm-none-eabi/13.2.0/../../../../arm-none-eabi/lib/thumb\libg.a(libc_a-assert.o)
 .rodata.AddDevice.str1.4
                0x080133f0        0x8 C:/devkitpro/devkitARM/bin/../lib/gcc/arm-none-eabi/13.2.0/../../../../arm-none-eabi/lib/thumb\libsysbase.a(libsysbase_libsysbase_a-iosupport.o)
 .rodata.dotab_stdnull
                0x080133f0       0x80 C:/devkitpro/devkitARM/bin/../lib/gcc/arm-none-eabi/13.2.0/../../../../arm-none-eabi/lib/thumb\libsysbase.a(libsysbase_libsysbase_a-iosupport.o)
                0x080133f0                dotab_stdnull
 *(.gnu.linkonce.r*)
                0x08013470                        . = ALIGN (0x4)

.ARM.extab
 *(.ARM.extab* .gnu.linkonce.armextab.*)
                0x08013470                        __exidx_start = .

.ARM.exidx
 *(.ARM.exidx* .gnu.linkonce.armexidx.*)
                0x08013470                        __exidx_end = .

.ctors          0x08013470        0x0
 *crtbegin.o(.ctors)
 *(EXCLUDE_FILE(*crtend.o) .ctors)
 *(SORT_BY_NAME(.ctors.*))
 *(.ctors)
                0x08013470                        . = ALIGN (0x4)

.dtors          0x08013470        0x0
 *crtbegin.o(.dtors)
 *(EXCLUDE_FILE(*crtend.o) .dtors)
 *(SORT_BY_NAME(.dtors.*))
 *(.dtors)
                0x08013470                        . = ALIGN (0x4)

.eh_frame       0x08013470        0x4
 *(.eh_frame)
 .eh_frame      0x08013470        0x0 C:/devkitpro/devkitARM/bin/../lib/gcc/arm-none-eabi/13.2.0/thumb/crtbegin.o
 .eh_frame      0x08013470        0x4 C:/devkitpro/devkitARM/bin/../lib/gcc/arm-none-eabi/13.2.0/thumb/crtend.o
                0x08013474                        . = ALIGN (0x4)

.gcc_except_table
                0x08013474        0x0
 *(.gcc_except_table)
                0x08013474                        . = ALIGN (0x4)
                0x08013474                        __iwram_lma = .

.iwram          0x03000000       0xb8 load address 0x08013474
                0x03000000                        __iwram_start__ = ABSOLUTE (.)
 *(.iwram .iwram*)
 .iwram         0x03000000       0xb8 C:/devkitpro/libgba/lib\libgba.a(InterruptDispatcher.o)
                0x03000000                IntrMain
 *iwram.*(.text* .data*)
                0x030000b8                        . = ALIGN (0x4)
                0x030000b8                        __iwram_end__ = ABSOLUTE (.)
                0x0801352c                        __data_lma = (__iwram_lma + SIZEOF (.iwram))

.bss            0x030000b8      0x55c
                0x030000b8                        __bss_start = ABSOLUTE (.)
                0x030000b8                        __bss_start__ = ABSOLUTE (.)
 *(.dynbss)
 *(.gnu.linkonce.b*)
 *(.bss*)
 .bss.completed.1
                0x030000b8        0x1 C:/devkitpro/devkitARM/bin/../lib/gcc/arm-none-eabi/13.2.0/thumb/crtbegin.o
 *fill*         0x030000b9        0x3 
 .bss.object.0  0x030000bc       0x18 C:/devkitpro/devkitARM/bin/../lib/gcc/arm-none-eabi/13.2.0/thumb/crtbegin.o
 .bss           0x030000d4      0x204 gbatrump.o
                0x030000d4                frame
                0x030000d8                PaletteBuffer
 .bss           0x030002d8        0xa C:/devkitpro/libgba/lib\libgba.a(input.o)
 *fill*         0x030002e2        0x2 
 .bss.__sfp_recursive_mutex
                0x030002e4        0xc C:/devkitpro/devkitARM/bin/../lib/gcc/arm-none-eabi/13.2.0/../../../../arm-none-eabi/lib/thumb\libg.a(libc_a-findfp.o)
 .bss.__sf      0x030002f0      0x168 C:/devkitpro/devkitARM/bin/../lib/gcc/arm-none-eabi/13.2.0/../../../../arm-none-eabi/lib/thumb\libg.a(libc_a-findfp.o)
                0x030002f0                __sf
 .bss.__stdio_exit_handler
                0x03000458        0x4 C:/devkitpro/devkitARM/bin/../lib/gcc/arm-none-eabi/13.2.0/../../../../arm-none-eabi/lib/thumb\libg.a(libc_a-findfp.o)
                0x03000458                __stdio_exit_handler
 .bss.__malloc_current_mallinfo
                0x0300045c       0x28 C:/devkitpro/devkitARM/bin/../lib/gcc/arm-none-eabi/13.2.0/../../../../arm-none-eabi/lib/thumb\libg.a(libc_a-mallocr.o)
                0x0300045c                __malloc_current_mallinfo
 .bss.__malloc_max_total_mem
                0x03000484        0x4 C:/devkitpro/devkitARM/bin/../lib/gcc/arm-none-eabi/13.2.0/../../../../arm-none-eabi/lib/thumb\libg.a(libc_a-mallocr.o)
                0x03000484                __malloc_max_total_mem
 .bss.__malloc_max_sbrked_mem
                0x03000488        0x4 C:/devkitpro/devkitARM/bin/../lib/gcc/arm-none-eabi/13.2.0/../../../../arm-none-eabi/lib/thumb\libg.a(libc_a-mallocr.o)
                0x03000488                __malloc_max_sbrked_mem
 .bss.__malloc_top_pad
                0x0300048c        0x4 C:/devkitpro/devkitARM/bin/../lib/gcc/arm-none-eabi/13.2.0/../../../../arm-none-eabi/lib/thumb\libg.a(libc_a-mallocr.o)
                0x0300048c                __malloc_top_pad
 .bss.__malloc_recursive_mutex
                0x03000490        0xc C:/devkitpro/devkitARM/bin/../lib/gcc/arm-none-eabi/13.2.0/../../../../arm-none-eabi/lib/thumb\libg.a(libc_a-mlock.o)
 .bss.__hndl_lock
                0x0300049c        0x4 C:/devkitpro/devkitARM/bin/../lib/gcc/arm-none-eabi/13.2.0/../../../../arm-none-eabi/lib/thumb\libsysbase.a(libsysbase_libsysbase_a-handle_manager.o)
 .bss.fake_heap_start
                0x030004a0        0x4 C:/devkitpro/devkitARM/bin/../lib/gcc/arm-none-eabi/13.2.0/../../../../arm-none-eabi/lib/thumb\libsysbase.a(libsysbase_libsysbase_a-malloc_vars.o)
                0x030004a0                fake_heap_start
 .bss.fake_heap_end
                0x030004a4        0x4 C:/devkitpro/devkitARM/bin/../lib/gcc/arm-none-eabi/13.2.0/../../../../arm-none-eabi/lib/thumb\libsysbase.a(libsysbase_libsysbase_a-malloc_vars.o)
                0x030004a4                fake_heap_end
 .bss.heap_start.0
                0x030004a8        0x4 C:/devkitpro/devkitARM/bin/../lib/gcc/arm-none-eabi/13.2.0/../../../../arm-none-eabi/lib/thumb\libsysbase.a(libsysbase_libsysbase_a-sbrk.o)
 *(COMMON)
 COMMON         0x030004ac       0xf0 C:/devkitpro/libgba/lib\libgba.a(pcx.o)
                0x030004ac                Buf
 COMMON         0x0300059c       0x78 C:/devkitpro/libgba/lib\libgba.a(interrupt.o)
                0x0300059c                IntrTable
                0x03000614                        . = ALIGN (0x4)
                0x03000614                        __bss_end__ = ABSOLUTE (.)

.data           0x03000614     0x1764 load address 0x0801352c
                0x03000614                        __data_start__ = ABSOLUTE (.)
 *(.data*)
 .data          0x03000614        0x3 C:/devkitpro/libgba/lib\libgba.a(input.o)
 *fill*         0x03000617        0x1 ff
 .data.__sglue  0x03000618        0xc C:/devkitpro/devkitARM/bin/../lib/gcc/arm-none-eabi/13.2.0/../../../../arm-none-eabi/lib/thumb\libg.a(libc_a-findfp.o)
                0x03000618                __sglue
 .data.__global_locale
                0x03000624      0x16c C:/devkitpro/devkitARM/bin/../lib/gcc/arm-none-eabi/13.2.0/../../../../arm-none-eabi/lib/thumb\libg.a(libc_a-locale.o)
                0x03000624                __global_locale
 .data._impure_ptr
                0x03000790        0x4 C:/devkitpro/devkitARM/bin/../lib/gcc/arm-none-eabi/13.2.0/../../../../arm-none-eabi/lib/thumb\libg.a(libc_a-impure.o)
                0x03000790                _impure_ptr
 *fill*         0x03000794        0x4 ff
 .data._impure_data
                0x03000798      0x120 C:/devkitpro/devkitARM/bin/../lib/gcc/arm-none-eabi/13.2.0/../../../../arm-none-eabi/lib/thumb\libg.a(libc_a-impure.o)
                0x03000798                _impure_data
 .data.__malloc_sbrk_base
                0x030008b8        0x4 C:/devkitpro/devkitARM/bin/../lib/gcc/arm-none-eabi/13.2.0/../../../../arm-none-eabi/lib/thumb\libg.a(libc_a-mallocr.o)
                0x030008b8                __malloc_sbrk_base
 .data.__malloc_trim_threshold
                0x030008bc        0x4 C:/devkitpro/devkitARM/bin/../lib/gcc/arm-none-eabi/13.2.0/../../../../arm-none-eabi/lib/thumb\libg.a(libc_a-mallocr.o)
                0x030008bc                __malloc_trim_threshold
 .data.__malloc_av_
                0x030008c0      0x408 C:/devkitpro/devkitARM/bin/../lib/gcc/arm-none-eabi/13.2.0/../../../../arm-none-eabi/lib/thumb\libg.a(libc_a-mallocr.o)
                0x030008c0                __malloc_av_
 .data.handles  0x03000cc8     0x1000 C:/devkitpro/devkitARM/bin/../lib/gcc/arm-none-eabi/13.2.0/../../../../arm-none-eabi/lib/thumb\libsysbase.a(libsysbase_libsysbase_a-handle_manager.o)
 .data.__stderr_handle
                0x03001cc8        0xc C:/devkitpro/devkitARM/bin/../lib/gcc/arm-none-eabi/13.2.0/../../../../arm-none-eabi/lib/thumb\libsysbase.a(libsysbase_libsysbase_a-handle_manager.o)
 .data.__stdout_handle
                0x03001cd4        0xc C:/devkitpro/devkitARM/bin/../lib/gcc/arm-none-eabi/13.2.0/../../../../arm-none-eabi/lib/thumb\libsysbase.a(libsysbase_libsysbase_a-handle_manager.o)
 .data.__stdin_handle
                0x03001ce0        0xc C:/devkitpro/devkitARM/bin/../lib/gcc/arm-none-eabi/13.2.0/../../../../arm-none-eabi/lib/thumb\libsysbase.a(libsysbase_libsysbase_a-handle_manager.o)
 .data.devoptab_list
                0x03001cec       0x8c C:/devkitpro/devkitARM/bin/../lib/gcc/arm-none-eabi/13.2.0/../../../../arm-none-eabi/lib/thumb\libsysbase.a(libsysbase_libsysbase_a-iosupport.o)
                0x03001cec                devoptab_list
 *(.gnu.linkonce.d*)
                0x03001d78                        . = ALIGN (0x4)
                0x08014c90                        __preinit_lma = (__data_lma + SIZEOF (.data))

.igot.plt       0x03001d78        0x0 load address 0x08014c90
 .igot.plt      0x03001d78        0x0 C:/devkitpro/devkitARM/bin/../lib/gcc/arm-none-eabi/13.2.0/../../../../arm-none-eabi/lib/thumb/gba_crt0.o

.preinit_array  0x03001d78        0x0 load address 0x08014c90
                0x03001d78                        __preinit_array_start = ABSOLUTE (.)
 *(.preinit_array)
                0x03001d78                        __preinit_array_end = ABSOLUTE (.)
                0x08014c90                        __init_lma = (__preinit_lma + SIZEOF (.preinit_array))

.init_array     0x03001d78        0x4 load address 0x08014c90
                0x03001d78                        __init_array_start = ABSOLUTE (.)
 *(SORT_BY_NAME(.init_array.*))
 *(.init_array)
 .init_array    0x03001d78        0x4 C:/devkitpro/devkitARM/bin/../lib/gcc/arm-none-eabi/13.2.0/thumb/crtbegin.o
                0x03001d7c                        __init_array_end = ABSOLUTE (.)
                0x08014c94                        __fini_lma = (__init_lma + SIZEOF (.init_array))

.fini_array     0x03001d7c        0x4 load address 0x08014c94
                0x03001d7c                        __fini_array_start = ABSOLUTE (.)
 *(SORT_BY_NAME(.fini_array.*))
 *(.fini_array)
 .fini_array    0x03001d7c        0x4 C:/devkitpro/devkitARM/bin/../lib/gcc/arm-none-eabi/13.2.0/thumb/crtbegin.o
                0x03001d80                        __fini_array_end = ABSOLUTE (.)
                0x08014c98                        __jcr_lma = (__fini_lma + SIZEOF (.fini_array))

.jcr
 *(.jcr)
                0x03001d80                        __data_end__ = ABSOLUTE (.)
                0x08014c98                        __iwram_overlay_lma = (__jcr_lma + SIZEOF (.jcr))
                0x03001d80                        __iwram_overlay_start = .

.iwram0         0x03001d80        0x0 load address 0x08014c98
 *(.iwram0)
                0x03001d80                        . = ALIGN (0x4)
                0x08014c98                        PROVIDE (__load_start_iwram0 = LOADADDR (.iwram0))
                0x08014c98                        PROVIDE (__load_stop_iwram0 = (LOADADDR (.iwram0) + SIZEOF (.iwram0)))

.iwram1         0x03001d80        0x0
 *(.iwram1)
                0x03001d80                        . = ALIGN (0x4)
                [!provide]                        PROVIDE (__load_start_iwram1 = LOADADDR (.iwram1))
                [!provide]                        PROVIDE (__load_stop_iwram1 = (LOADADDR (.iwram1) + SIZEOF (.iwram1)))

.iwram2         0x03001d80        0x0
 *(.iwram2)
                0x03001d80                        . = ALIGN (0x4)
                [!provide]                        PROVIDE (__load_start_iwram2 = LOADADDR (.iwram2))
                [!provide]                        PROVIDE (__load_stop_iwram2 = (LOADADDR (.iwram2) + SIZEOF (.iwram2)))

.iwram3         0x03001d80        0x0
 *(.iwram3)
                0x03001d80                        . = ALIGN (0x4)
                [!provide]                        PROVIDE (__load_start_iwram3 = LOADADDR (.iwram3))
                [!provide]                        PROVIDE (__load_stop_iwram3 = (LOADADDR (.iwram3) + SIZEOF (.iwram3)))

.iwram4         0x03001d80        0x0
 *(.iwram4)
                0x03001d80                        . = ALIGN (0x4)
                [!provide]                        PROVIDE (__load_start_iwram4 = LOADADDR (.iwram4))
                [!provide]                        PROVIDE (__load_stop_iwram4 = (LOADADDR (.iwram4) + SIZEOF (.iwram4)))

.iwram5         0x03001d80        0x0
 *(.iwram5)
                0x03001d80                        . = ALIGN (0x4)
                [!provide]                        PROVIDE (__load_start_iwram5 = LOADADDR (.iwram5))
                [!provide]                        PROVIDE (__load_stop_iwram5 = (LOADADDR (.iwram5) + SIZEOF (.iwram5)))

.iwram6         0x03001d80        0x0
 *(.iwram6)
                0x03001d80                        . = ALIGN (0x4)
                [!provide]                        PROVIDE (__load_start_iwram6 = LOADADDR (.iwram6))
                [!provide]                        PROVIDE (__load_stop_iwram6 = (LOADADDR (.iwram6) + SIZEOF (.iwram6)))

.iwram7         0x03001d80        0x0
 *(.iwram7)
                0x03001d80                        . = ALIGN (0x4)
                [!provide]                        PROVIDE (__load_start_iwram7 = LOADADDR (.iwram7))
                [!provide]                        PROVIDE (__load_stop_iwram7 = (LOADADDR (.iwram7) + SIZEOF (.iwram7)))

.iwram8         0x03001d80        0x0
 *(.iwram8)
                0x03001d80                        . = ALIGN (0x4)
                [!provide]                        PROVIDE (__load_start_iwram8 = LOADADDR (.iwram8))
                [!provide]                        PROVIDE (__load_stop_iwram8 = (LOADADDR (.iwram8) + SIZEOF (.iwram8)))

.iwram9         0x03001d80        0x0
 *(.iwram9)
                0x03001d80                        . = ALIGN (0x4)
                [!provide]                        PROVIDE (__load_start_iwram9 = LOADADDR (.iwram9))
                [!provide]                        PROVIDE (__load_stop_iwram9 = (LOADADDR (.iwram9) + SIZEOF (.iwram9)))
                0x03001d80                        __iwram_overlay_end = .
                0x08014c98                        __ewram_lma = (__iwram_overlay_lma + (__iwram_overlay_end - __iwram_overlay_start))
                0x03001d80                        __iheap_start = .
                0x02000000                        __ewram_start = ORIGIN (ewram)

.ewram          0x02000000        0x0 load address 0x08014c98
 *(.ewram*)
                0x02000000                        . = ALIGN (0x4)
                0x02000000                        __ewram_end = ABSOLUTE (.)
                0x08014c98                        __pad_lma = (__ewram_lma + SIZEOF (.ewram))

.sbss           0x02000000     0x1c00
                0x02000000                        __sbss_start__ = ABSOLUTE (.)
 *(.sbss*)
 .sbss          0x02000000     0x1c00 C:/devkitpro/libgba/lib\libgba.a(fade.o)
                0x02000000                FadeTable
                0x02001800                CurrentPalette
                0x02001c00                        . = ALIGN (0x4)
                0x02001c00                        __sbss_end__ = ABSOLUTE (.)
                0x02001c00                        __end__ = ABSOLUTE (.)
                0x02001c00                        __eheap_start = ABSOLUTE (.)

.pad            0x02001c00        0x8 load address 0x08014c98
                0x02001c00        0x4 LONG 0x52416b64
                0x02001c04        0x4 LONG 0x4d
                0x02001c08                        . = ALIGN (0x4)
                0x08014ca0                        __rom_end__ = (__pad_lma + SIZEOF (.pad))

.rel.dyn        0x02001c08        0x0 load address 0x08014ca0
 .rel.iplt      0x02001c08        0x0 C:/devkitpro/devkitARM/bin/../lib/gcc/arm-none-eabi/13.2.0/../../../../arm-none-eabi/lib/thumb/gba_crt0.o

.stab
 *(.stab)

.stabstr
 *(.stabstr)

.stab.excl
 *(.stab.excl)

.stab.exclstr
 *(.stab.exclstr)

.stab.index
 *(.stab.index)

.stab.indexstr
 *(.stab.indexstr)

.comment        0x00000000       0x45
 *(.comment)
 .comment       0x00000000       0x45 C:/devkitpro/devkitARM/bin/../lib/gcc/arm-none-eabi/13.2.0/thumb/crtbegin.o
                                 0x24 (size before relaxing)
 .comment       0x00000045       0x24 gbatrump.o
 .comment       0x00000045       0x23 C:/devkitpro/libgba/lib\libgba.a(pcx.o)
 .comment       0x00000045       0x23 C:/devkitpro/libgba/lib\libgba.a(interrupt.o)
 .comment       0x00000045       0x23 C:/devkitpro/libgba/lib\libgba.a(fade.o)
 .comment       0x00000045       0x23 C:/devkitpro/libgba/lib\libgba.a(input.o)
 .comment       0x00000045       0x24 C:/devkitpro/devkitARM/bin/../lib/gcc/arm-none-eabi/13.2.0/../../../../arm-none-eabi/lib/thumb\libg.a(libc_a-printf.o)
 .comment       0x00000045       0x24 C:/devkitpro/devkitARM/bin/../lib/gcc/arm-none-eabi/13.2.0/../../../../arm-none-eabi/lib/thumb\libg.a(libc_a-memset.o)
 .comment       0x00000045       0x24 C:/devkitpro/devkitARM/bin/../lib/gcc/arm-none-eabi/13.2.0/../../../../arm-none-eabi/lib/thumb\libg.a(libc_a-vfprintf.o)
 .comment       0x00000045       0x24 C:/devkitpro/devkitARM/bin/../lib/gcc/arm-none-eabi/13.2.0/../../../../arm-none-eabi/lib/thumb\libg.a(libc_a-strlen.o)
 .comment       0x00000045       0x24 C:/devkitpro/devkitARM/bin/../lib/gcc/arm-none-eabi/13.2.0/../../../../arm-none-eabi/lib/thumb\libg.a(libc_a-fflush.o)
 .comment       0x00000045       0x24 C:/devkitpro/devkitARM/bin/../lib/gcc/arm-none-eabi/13.2.0/../../../../arm-none-eabi/lib/thumb\libg.a(libc_a-fwalk.o)
 .comment       0x00000045       0x24 C:/devkitpro/devkitARM/bin/../lib/gcc/arm-none-eabi/13.2.0/../../../../arm-none-eabi/lib/thumb\libg.a(libc_a-strncpy.o)
 .comment       0x00000045       0x24 C:/devkitpro/devkitARM/bin/../lib/gcc/arm-none-eabi/13.2.0/../../../../arm-none-eabi/lib/thumb\libg.a(libc_a-findfp.o)
 .comment       0x00000045       0x24 C:/devkitpro/devkitARM/bin/../lib/gcc/arm-none-eabi/13.2.0/../../../../arm-none-eabi/lib/thumb\libg.a(libc_a-locale.o)
 .comment       0x00000045       0x24 C:/devkitpro/devkitARM/bin/../lib/gcc/arm-none-eabi/13.2.0/../../../../arm-none-eabi/lib/thumb\libg.a(libc_a-localeconv.o)
 .comment       0x00000045       0x24 C:/devkitpro/devkitARM/bin/../lib/gcc/arm-none-eabi/13.2.0/../../../../arm-none-eabi/lib/thumb\libg.a(libc_a-memchr-stub.o)
 .comment       0x00000045       0x24 C:/devkitpro/devkitARM/bin/../lib/gcc/arm-none-eabi/13.2.0/../../../../arm-none-eabi/lib/thumb\libg.a(libc_a-wctomb_r.o)
 .comment       0x00000045       0x24 C:/devkitpro/devkitARM/bin/../lib/gcc/arm-none-eabi/13.2.0/../../../../arm-none-eabi/lib/thumb\libg.a(libc_a-memcpy-stub.o)
 .comment       0x00000045       0x24 C:/devkitpro/devkitARM/bin/../lib/gcc/arm-none-eabi/13.2.0/../../../../arm-none-eabi/lib/thumb\libg.a(libc_a-impure.o)
 .comment       0x00000045       0x24 C:/devkitpro/devkitARM/bin/../lib/gcc/arm-none-eabi/13.2.0/../../../../arm-none-eabi/lib/thumb\libg.a(libc_a-init.o)
 .comment       0x00000045       0x24 C:/devkitpro/devkitARM/bin/../lib/gcc/arm-none-eabi/13.2.0/../../../../arm-none-eabi/lib/thumb\libg.a(libm_a-s_frexp.o)
 .comment       0x00000045       0x24 C:/devkitpro/devkitARM/bin/../lib/gcc/arm-none-eabi/13.2.0/../../../../arm-none-eabi/lib/thumb\libg.a(libc_a-wcrtomb.o)
 .comment       0x00000045       0x24 C:/devkitpro/devkitARM/bin/../lib/gcc/arm-none-eabi/13.2.0/../../../../arm-none-eabi/lib/thumb\libg.a(libc_a-wcsrtombs.o)
 .comment       0x00000045       0x24 C:/devkitpro/devkitARM/bin/../lib/gcc/arm-none-eabi/13.2.0/../../../../arm-none-eabi/lib/thumb\libg.a(libc_a-ctype_.o)
 .comment       0x00000045       0x24 C:/devkitpro/devkitARM/bin/../lib/gcc/arm-none-eabi/13.2.0/../../../../arm-none-eabi/lib/thumb\libg.a(libc_a-stdio.o)
 .comment       0x00000045       0x24 C:/devkitpro/devkitARM/bin/../lib/gcc/arm-none-eabi/13.2.0/../../../../arm-none-eabi/lib/thumb\libg.a(libc_a-vfiprintf.o)
 .comment       0x00000045       0x24 C:/devkitpro/devkitARM/bin/../lib/gcc/arm-none-eabi/13.2.0/../../../../arm-none-eabi/lib/thumb\libg.a(libc_a-svfiprintf.o)
 .comment       0x00000045       0x24 C:/devkitpro/devkitARM/bin/../lib/gcc/arm-none-eabi/13.2.0/../../../../arm-none-eabi/lib/thumb\libg.a(libc_a-freer.o)
 .comment       0x00000045       0x24 C:/devkitpro/devkitARM/bin/../lib/gcc/arm-none-eabi/13.2.0/../../../../arm-none-eabi/lib/thumb\libg.a(libc_a-wsetup.o)
 .comment       0x00000045       0x24 C:/devkitpro/devkitARM/bin/../lib/gcc/arm-none-eabi/13.2.0/../../../../arm-none-eabi/lib/thumb\libg.a(libc_a-dtoa.o)
 .comment       0x00000045       0x24 C:/devkitpro/devkitARM/bin/../lib/gcc/arm-none-eabi/13.2.0/../../../../arm-none-eabi/lib/thumb\libg.a(libc_a-fclose.o)
 .comment       0x00000045       0x24 C:/devkitpro/devkitARM/bin/../lib/gcc/arm-none-eabi/13.2.0/../../../../arm-none-eabi/lib/thumb\libg.a(libc_a-mallocr.o)
 .comment       0x00000045       0x24 C:/devkitpro/devkitARM/bin/../lib/gcc/arm-none-eabi/13.2.0/../../../../arm-none-eabi/lib/thumb\libg.a(libc_a-memmove.o)
 .comment       0x00000045       0x24 C:/devkitpro/devkitARM/bin/../lib/gcc/arm-none-eabi/13.2.0/../../../../arm-none-eabi/lib/thumb\libg.a(libc_a-mlock.o)
 .comment       0x00000045       0x24 C:/devkitpro/devkitARM/bin/../lib/gcc/arm-none-eabi/13.2.0/../../../../arm-none-eabi/lib/thumb\libg.a(libc_a-mprec.o)
 .comment       0x00000045       0x24 C:/devkitpro/devkitARM/bin/../lib/gcc/arm-none-eabi/13.2.0/../../../../arm-none-eabi/lib/thumb\libg.a(libc_a-fvwrite.o)
 .comment       0x00000045       0x24 C:/devkitpro/devkitARM/bin/../lib/gcc/arm-none-eabi/13.2.0/../../../../arm-none-eabi/lib/thumb\libg.a(libc_a-reallocr.o)
 .comment       0x00000045       0x24 C:/devkitpro/devkitARM/bin/../lib/gcc/arm-none-eabi/13.2.0/../../../../arm-none-eabi/lib/thumb\libg.a(libc_a-mbtowc_r.o)
 .comment       0x00000045       0x24 C:/devkitpro/devkitARM/bin/../lib/gcc/arm-none-eabi/13.2.0/../../../../arm-none-eabi/lib/thumb\libg.a(libc_a-errno.o)
 .comment       0x00000045       0x24 C:/devkitpro/devkitARM/bin/../lib/gcc/arm-none-eabi/13.2.0/../../../../arm-none-eabi/lib/thumb\libg.a(libc_a-makebuf.o)
 .comment       0x00000045       0x24 C:/devkitpro/devkitARM/bin/../lib/gcc/arm-none-eabi/13.2.0/../../../../arm-none-eabi/lib/thumb\libg.a(libc_a-wcsnrtombs.o)
 .comment       0x00000045       0x24 C:/devkitpro/devkitARM/bin/../lib/gcc/arm-none-eabi/13.2.0/../../../../arm-none-eabi/lib/thumb\libg.a(libc_a-callocr.o)
 .comment       0x00000045       0x24 C:/devkitpro/devkitARM/bin/../lib/gcc/arm-none-eabi/13.2.0/../../../../arm-none-eabi/lib/thumb\libg.a(libc_a-assert.o)
 .comment       0x00000045       0x24 C:/devkitpro/devkitARM/bin/../lib/gcc/arm-none-eabi/13.2.0/../../../../arm-none-eabi/lib/thumb\libg.a(libc_a-fiprintf.o)
 .comment       0x00000045       0x24 C:/devkitpro/devkitARM/bin/../lib/gcc/arm-none-eabi/13.2.0/../../../../arm-none-eabi/lib/thumb\libg.a(libc_a-abort.o)
 .comment       0x00000045       0x24 C:/devkitpro/devkitARM/bin/../lib/gcc/arm-none-eabi/13.2.0/../../../../arm-none-eabi/lib/thumb\libg.a(libc_a-signal.o)
 .comment       0x00000045       0x24 C:/devkitpro/devkitARM/bin/../lib/gcc/arm-none-eabi/13.2.0/../../../../arm-none-eabi/lib/thumb\libsysbase.a(libsysbase_libsysbase_a-_exit.o)
 .comment       0x00000045       0x24 C:/devkitpro/devkitARM/bin/../lib/gcc/arm-none-eabi/13.2.0/../../../../arm-none-eabi/lib/thumb\libsysbase.a(libsysbase_libsysbase_a-fstat.o)
 .comment       0x00000045       0x24 C:/devkitpro/devkitARM/bin/../lib/gcc/arm-none-eabi/13.2.0/../../../../arm-none-eabi/lib/thumb\libsysbase.a(libsysbase_libsysbase_a-getpid.o)
 .comment       0x00000045       0x24 C:/devkitpro/devkitARM/bin/../lib/gcc/arm-none-eabi/13.2.0/../../../../arm-none-eabi/lib/thumb\libsysbase.a(libsysbase_libsysbase_a-getreent.o)
 .comment       0x00000045       0x24 C:/devkitpro/devkitARM/bin/../lib/gcc/arm-none-eabi/13.2.0/../../../../arm-none-eabi/lib/thumb\libsysbase.a(libsysbase_libsysbase_a-handle_manager.o)
 .comment       0x00000045       0x24 C:/devkitpro/devkitARM/bin/../lib/gcc/arm-none-eabi/13.2.0/../../../../arm-none-eabi/lib/thumb\libsysbase.a(libsysbase_libsysbase_a-iosupport.o)
 .comment       0x00000045       0x24 C:/devkitpro/devkitARM/bin/../lib/gcc/arm-none-eabi/13.2.0/../../../../arm-none-eabi/lib/thumb\libsysbase.a(libsysbase_libsysbase_a-isatty.o)
 .comment       0x00000045       0x24 C:/devkitpro/devkitARM/bin/../lib/gcc/arm-none-eabi/13.2.0/../../../../arm-none-eabi/lib/thumb\libsysbase.a(libsysbase_libsysbase_a-kill.o)
 .comment       0x00000045       0x24 C:/devkitpro/devkitARM/bin/../lib/gcc/arm-none-eabi/13.2.0/../../../../arm-none-eabi/lib/thumb\libsysbase.a(libsysbase_libsysbase_a-lseek.o)
 .comment       0x00000045       0x24 C:/devkitpro/devkitARM/bin/../lib/gcc/arm-none-eabi/13.2.0/../../../../arm-none-eabi/lib/thumb\libsysbase.a(libsysbase_libsysbase_a-malloc_vars.o)
 .comment       0x00000045       0x24 C:/devkitpro/devkitARM/bin/../lib/gcc/arm-none-eabi/13.2.0/../../../../arm-none-eabi/lib/thumb\libsysbase.a(libsysbase_libsysbase_a-read.o)
 .comment       0x00000045       0x24 C:/devkitpro/devkitARM/bin/../lib/gcc/arm-none-eabi/13.2.0/../../../../arm-none-eabi/lib/thumb\libsysbase.a(libsysbase_libsysbase_a-sbrk.o)
 .comment       0x00000045       0x24 C:/devkitpro/devkitARM/bin/../lib/gcc/arm-none-eabi/13.2.0/../../../../arm-none-eabi/lib/thumb\libsysbase.a(libsysbase_libsysbase_a-sleep.o)
 .comment       0x00000045       0x24 C:/devkitpro/devkitARM/bin/../lib/gcc/arm-none-eabi/13.2.0/../../../../arm-none-eabi/lib/thumb\libsysbase.a(libsysbase_libsysbase_a-syscall_support.o)
 .comment       0x00000045       0x24 C:/devkitpro/devkitARM/bin/../lib/gcc/arm-none-eabi/13.2.0/../../../../arm-none-eabi/lib/thumb\libsysbase.a(libsysbase_libsysbase_a-write.o)
 .comment       0x00000045       0x24 C:/devkitpro/devkitARM/bin/../lib/gcc/arm-none-eabi/13.2.0/../../../../arm-none-eabi/lib/thumb\libsysbase.a(libsysbase_libsysbase_a-nanosleep.o)
 .comment       0x00000045       0x24 C:/devkitpro/devkitARM/bin/../lib/gcc/arm-none-eabi/13.2.0/thumb\libgcc.a(_udivmoddi4.o)
 .comment       0x00000045       0x24 C:/devkitpro/devkitARM/bin/../lib/gcc/arm-none-eabi/13.2.0/../../../../arm-none-eabi/lib/thumb\libg.a(libc_a-malloc.o)
 .comment       0x00000045       0x24 C:/devkitpro/devkitARM/bin/../lib/gcc/arm-none-eabi/13.2.0/thumb/crtend.o

.debug
 *(.debug)

.line
 *(.line)

.debug_srcinfo
 *(.debug_srcinfo)

.debug_sfnames
 *(.debug_sfnames)

.debug_aranges  0x00000000       0xc8
 *(.debug_aranges)
 .debug_aranges
                0x00000000       0x28 gbatrump.o
 .debug_aranges
                0x00000028       0x20 C:/devkitpro/libgba/lib\libgba.a(pcx.o)
 .debug_aranges
                0x00000048       0x20 C:/devkitpro/libgba/lib\libgba.a(interrupt.o)
 .debug_aranges
                0x00000068       0x20 C:/devkitpro/libgba/lib\libgba.a(fade.o)
 .debug_aranges
                0x00000088       0x20 C:/devkitpro/libgba/lib\libgba.a(input.o)
 .debug_aranges
                0x000000a8       0x20 C:/devkitpro/libgba/lib\libgba.a(InterruptDispatcher.o)

.debug_pubnames
 *(.debug_pubnames)

.debug_info     0x00000000     0x1460
 *(.debug_info)
 .debug_info    0x00000000      0x4ab gbatrump.o
 .debug_info    0x000004ab      0x3bd C:/devkitpro/libgba/lib\libgba.a(pcx.o)
 .debug_info    0x00000868      0x41b C:/devkitpro/libgba/lib\libgba.a(interrupt.o)
 .debug_info    0x00000c83      0x550 C:/devkitpro/libgba/lib\libgba.a(fade.o)
 .debug_info    0x000011d3      0x267 C:/devkitpro/libgba/lib\libgba.a(input.o)
 .debug_info    0x0000143a       0x26 C:/devkitpro/libgba/lib\libgba.a(InterruptDispatcher.o)

.debug_abbrev   0x00000000      0x887
 *(.debug_abbrev)
 .debug_abbrev  0x00000000      0x244 gbatrump.o
 .debug_abbrev  0x00000244      0x137 C:/devkitpro/libgba/lib\libgba.a(pcx.o)
 .debug_abbrev  0x0000037b      0x1ee C:/devkitpro/libgba/lib\libgba.a(interrupt.o)
 .debug_abbrev  0x00000569      0x1e4 C:/devkitpro/libgba/lib\libgba.a(fade.o)
 .debug_abbrev  0x0000074d      0x126 C:/devkitpro/libgba/lib\libgba.a(input.o)
 .debug_abbrev  0x00000873       0x14 C:/devkitpro/libgba/lib\libgba.a(InterruptDispatcher.o)

.debug_line     0x00000000     0x1500
 *(.debug_line)
 .debug_line    0x00000000      0x2c0 gbatrump.o
 .debug_line    0x000002c0      0x34f C:/devkitpro/libgba/lib\libgba.a(pcx.o)
 .debug_line    0x0000060f      0x5ae C:/devkitpro/libgba/lib\libgba.a(interrupt.o)
 .debug_line    0x00000bbd      0x5fa C:/devkitpro/libgba/lib\libgba.a(fade.o)
 .debug_line    0x000011b7      0x297 C:/devkitpro/libgba/lib\libgba.a(input.o)
 .debug_line    0x0000144e       0xb2 C:/devkitpro/libgba/lib\libgba.a(InterruptDispatcher.o)

.debug_frame    0x00000000      0x258
 *(.debug_frame)
 .debug_frame   0x00000000       0x40 gbatrump.o
 .debug_frame   0x00000040       0x3c C:/devkitpro/libgba/lib\libgba.a(pcx.o)
 .debug_frame   0x0000007c       0xb0 C:/devkitpro/libgba/lib\libgba.a(interrupt.o)
 .debug_frame   0x0000012c       0xac C:/devkitpro/libgba/lib\libgba.a(fade.o)
 .debug_frame   0x000001d8       0x80 C:/devkitpro/libgba/lib\libgba.a(input.o)

.debug_str      0x00000000      0x86b
 *(.debug_str)
 .debug_str     0x00000000      0x86b gbatrump.o
                                0x42d (size before relaxing)
 .debug_str     0x0000086b      0x263 C:/devkitpro/libgba/lib\libgba.a(pcx.o)
 .debug_str     0x0000086b      0x310 C:/devkitpro/libgba/lib\libgba.a(interrupt.o)
 .debug_str     0x0000086b      0x248 C:/devkitpro/libgba/lib\libgba.a(fade.o)
 .debug_str     0x0000086b      0x21b C:/devkitpro/libgba/lib\libgba.a(input.o)
 .debug_str     0x0000086b       0xa0 C:/devkitpro/libgba/lib\libgba.a(InterruptDispatcher.o)

.debug_loc      0x00000000     0x1209
 *(.debug_loc)
 .debug_loc     0x00000000      0x6a9 C:/devkitpro/libgba/lib\libgba.a(pcx.o)
 .debug_loc     0x000006a9      0x446 C:/devkitpro/libgba/lib\libgba.a(interrupt.o)
 .debug_loc     0x00000aef      0x6db C:/devkitpro/libgba/lib\libgba.a(fade.o)
 .debug_loc     0x000011ca       0x3f C:/devkitpro/libgba/lib\libgba.a(input.o)

.debug_macinfo
 *(.debug_macinfo)

.debug_weaknames
 *(.debug_weaknames)

.debug_funcnames
 *(.debug_funcnames)

.debug_typenames
 *(.debug_typenames)

.debug_varnames
 *(.debug_varnames)

.stack          0x00080000        0x0
                0x00080000                        _stack = .
 *(.stack)

.note.gnu.arm.ident
 *(.note.gnu.arm.ident)

.ARM.attributes
                0x00000000       0x2c
 *(.ARM.attributes)
 .ARM.attributes
                0x00000000       0x20 C:/devkitpro/devkitARM/bin/../lib/gcc/arm-none-eabi/13.2.0/../../../../arm-none-eabi/lib/thumb/gba_crt0.o
 .ARM.attributes
                0x00000020       0x1c C:/devkitpro/devkitARM/bin/../lib/gcc/arm-none-eabi/13.2.0/thumb/crti.o
 .ARM.attributes
                0x0000003c       0x2a C:/devkitpro/devkitARM/bin/../lib/gcc/arm-none-eabi/13.2.0/thumb/crtbegin.o
 .ARM.attributes
                0x00000066       0x1a trump.pcx.o
 .ARM.attributes
                0x00000080       0x26 gbatrump.o
 .ARM.attributes
                0x000000a6       0x2a C:/devkitpro/libgba/lib\libgba.a(pcx.o)
 .ARM.attributes
                0x000000d0       0x2a C:/devkitpro/libgba/lib\libgba.a(interrupt.o)
 .ARM.attributes
                0x000000fa       0x2a C:/devkitpro/libgba/lib\libgba.a(fade.o)
 .ARM.attributes
                0x00000124       0x2a C:/devkitpro/libgba/lib\libgba.a(input.o)
 .ARM.attributes
                0x0000014e       0x1a C:/devkitpro/libgba/lib\libgba.a(InterruptDispatcher.o)
 .ARM.attributes
                0x00000168       0x1c C:/devkitpro/devkitARM/bin/../lib/gcc/arm-none-eabi/13.2.0/thumb\libgcc.a(_divsi3.o)
 .ARM.attributes
                0x00000184       0x1c C:/devkitpro/devkitARM/bin/../lib/gcc/arm-none-eabi/13.2.0/thumb\libgcc.a(_dvmd_tls.o)
 .ARM.attributes
                0x000001a0       0x2a C:/devkitpro/devkitARM/bin/../lib/gcc/arm-none-eabi/13.2.0/../../../../arm-none-eabi/lib/thumb\libg.a(libc_a-printf.o)
 .ARM.attributes
                0x000001ca       0x2a C:/devkitpro/devkitARM/bin/../lib/gcc/arm-none-eabi/13.2.0/../../../../arm-none-eabi/lib/thumb\libg.a(libc_a-memset.o)
 .ARM.attributes
                0x000001f4       0x2a C:/devkitpro/devkitARM/bin/../lib/gcc/arm-none-eabi/13.2.0/../../../../arm-none-eabi/lib/thumb\libg.a(libc_a-vfprintf.o)
 .ARM.attributes
                0x0000021e       0x2a C:/devkitpro/devkitARM/bin/../lib/gcc/arm-none-eabi/13.2.0/../../../../arm-none-eabi/lib/thumb\libg.a(libc_a-strlen.o)
 .ARM.attributes
                0x00000248       0x2a C:/devkitpro/devkitARM/bin/../lib/gcc/arm-none-eabi/13.2.0/../../../../arm-none-eabi/lib/thumb\libg.a(libc_a-fflush.o)
 .ARM.attributes
                0x00000272       0x2a C:/devkitpro/devkitARM/bin/../lib/gcc/arm-none-eabi/13.2.0/../../../../arm-none-eabi/lib/thumb\libg.a(libc_a-fwalk.o)
 .ARM.attributes
                0x0000029c       0x2a C:/devkitpro/devkitARM/bin/../lib/gcc/arm-none-eabi/13.2.0/../../../../arm-none-eabi/lib/thumb\libg.a(libc_a-strncpy.o)
 .ARM.attributes
                0x000002c6       0x2a C:/devkitpro/devkitARM/bin/../lib/gcc/arm-none-eabi/13.2.0/../../../../arm-none-eabi/lib/thumb\libg.a(libc_a-findfp.o)
 .ARM.attributes
                0x000002f0       0x2a C:/devkitpro/devkitARM/bin/../lib/gcc/arm-none-eabi/13.2.0/../../../../arm-none-eabi/lib/thumb\libg.a(libc_a-locale.o)
 .ARM.attributes
                0x0000031a       0x1a C:/devkitpro/devkitARM/bin/../lib/gcc/arm-none-eabi/13.2.0/../../../../arm-none-eabi/lib/thumb\libg.a(libc_a-strcmp.o)
 .ARM.attributes
                0x00000334       0x2a C:/devkitpro/devkitARM/bin/../lib/gcc/arm-none-eabi/13.2.0/../../../../arm-none-eabi/lib/thumb\libg.a(libc_a-localeconv.o)
 .ARM.attributes
                0x0000035e       0x2a C:/devkitpro/devkitARM/bin/../lib/gcc/arm-none-eabi/13.2.0/../../../../arm-none-eabi/lib/thumb\libg.a(libc_a-strcpy.o)
 .ARM.attributes
                0x00000388       0x2a C:/devkitpro/devkitARM/bin/../lib/gcc/arm-none-eabi/13.2.0/../../../../arm-none-eabi/lib/thumb\libg.a(libc_a-memchr-stub.o)
 .ARM.attributes
                0x000003b2       0x2a C:/devkitpro/devkitARM/bin/../lib/gcc/arm-none-eabi/13.2.0/../../../../arm-none-eabi/lib/thumb\libg.a(libc_a-wctomb_r.o)
 .ARM.attributes
                0x000003dc       0x2a C:/devkitpro/devkitARM/bin/../lib/gcc/arm-none-eabi/13.2.0/../../../../arm-none-eabi/lib/thumb\libg.a(libc_a-memcpy-stub.o)
 .ARM.attributes
                0x00000406       0x2a C:/devkitpro/devkitARM/bin/../lib/gcc/arm-none-eabi/13.2.0/../../../../arm-none-eabi/lib/thumb\libg.a(libc_a-impure.o)
 .ARM.attributes
                0x00000430       0x2a C:/devkitpro/devkitARM/bin/../lib/gcc/arm-none-eabi/13.2.0/../../../../arm-none-eabi/lib/thumb\libg.a(libc_a-init.o)
 .ARM.attributes
                0x0000045a       0x2a C:/devkitpro/devkitARM/bin/../lib/gcc/arm-none-eabi/13.2.0/../../../../arm-none-eabi/lib/thumb\libg.a(libm_a-s_frexp.o)
 .ARM.attributes
                0x00000484       0x2a C:/devkitpro/devkitARM/bin/../lib/gcc/arm-none-eabi/13.2.0/../../../../arm-none-eabi/lib/thumb\libg.a(libc_a-wcrtomb.o)
 .ARM.attributes
                0x000004ae       0x2a C:/devkitpro/devkitARM/bin/../lib/gcc/arm-none-eabi/13.2.0/../../../../arm-none-eabi/lib/thumb\libg.a(libc_a-wcsrtombs.o)
 .ARM.attributes
                0x000004d8       0x2a C:/devkitpro/devkitARM/bin/../lib/gcc/arm-none-eabi/13.2.0/../../../../arm-none-eabi/lib/thumb\libg.a(libc_a-ctype_.o)
 .ARM.attributes
                0x00000502       0x2a C:/devkitpro/devkitARM/bin/../lib/gcc/arm-none-eabi/13.2.0/../../../../arm-none-eabi/lib/thumb\libg.a(libc_a-stdio.o)
 .ARM.attributes
                0x0000052c       0x2a C:/devkitpro/devkitARM/bin/../lib/gcc/arm-none-eabi/13.2.0/../../../../arm-none-eabi/lib/thumb\libg.a(libc_a-vfiprintf.o)
 .ARM.attributes
                0x00000556       0x2a C:/devkitpro/devkitARM/bin/../lib/gcc/arm-none-eabi/13.2.0/../../../../arm-none-eabi/lib/thumb\libg.a(libc_a-svfiprintf.o)
 .ARM.attributes
                0x00000580       0x2a C:/devkitpro/devkitARM/bin/../lib/gcc/arm-none-eabi/13.2.0/../../../../arm-none-eabi/lib/thumb\libg.a(libc_a-freer.o)
 .ARM.attributes
                0x000005aa       0x2a C:/devkitpro/devkitARM/bin/../lib/gcc/arm-none-eabi/13.2.0/../../../../arm-none-eabi/lib/thumb\libg.a(libc_a-strcat.o)
 .ARM.attributes
                0x000005d4       0x2a C:/devkitpro/devkitARM/bin/../lib/gcc/arm-none-eabi/13.2.0/../../../../arm-none-eabi/lib/thumb\libg.a(libc_a-wsetup.o)
 .ARM.attributes
                0x000005fe       0x2a C:/devkitpro/devkitARM/bin/../lib/gcc/arm-none-eabi/13.2.0/../../../../arm-none-eabi/lib/thumb\libg.a(libc_a-dtoa.o)
 .ARM.attributes
                0x00000628       0x2a C:/devkitpro/devkitARM/bin/../lib/gcc/arm-none-eabi/13.2.0/../../../../arm-none-eabi/lib/thumb\libg.a(libc_a-strchr.o)
 .ARM.attributes
                0x00000652       0x2a C:/devkitpro/devkitARM/bin/../lib/gcc/arm-none-eabi/13.2.0/../../../../arm-none-eabi/lib/thumb\libg.a(libc_a-fclose.o)
 .ARM.attributes
                0x0000067c       0x2a C:/devkitpro/devkitARM/bin/../lib/gcc/arm-none-eabi/13.2.0/../../../../arm-none-eabi/lib/thumb\libg.a(libc_a-mallocr.o)
 .ARM.attributes
                0x000006a6       0x2a C:/devkitpro/devkitARM/bin/../lib/gcc/arm-none-eabi/13.2.0/../../../../arm-none-eabi/lib/thumb\libg.a(libc_a-memmove.o)
 .ARM.attributes
                0x000006d0       0x2a C:/devkitpro/devkitARM/bin/../lib/gcc/arm-none-eabi/13.2.0/../../../../arm-none-eabi/lib/thumb\libg.a(libc_a-getenv_r.o)
 .ARM.attributes
                0x000006fa       0x2a C:/devkitpro/devkitARM/bin/../lib/gcc/arm-none-eabi/13.2.0/../../../../arm-none-eabi/lib/thumb\libg.a(libc_a-strlcpy.o)
 .ARM.attributes
                0x00000724       0x2a C:/devkitpro/devkitARM/bin/../lib/gcc/arm-none-eabi/13.2.0/../../../../arm-none-eabi/lib/thumb\libg.a(libc_a-mlock.o)
 .ARM.attributes
                0x0000074e       0x2a C:/devkitpro/devkitARM/bin/../lib/gcc/arm-none-eabi/13.2.0/../../../../arm-none-eabi/lib/thumb\libg.a(libc_a-mprec.o)
 .ARM.attributes
                0x00000778       0x2a C:/devkitpro/devkitARM/bin/../lib/gcc/arm-none-eabi/13.2.0/../../../../arm-none-eabi/lib/thumb\libg.a(libc_a-strcasecmp.o)
 .ARM.attributes
                0x000007a2       0x2a C:/devkitpro/devkitARM/bin/../lib/gcc/arm-none-eabi/13.2.0/../../../../arm-none-eabi/lib/thumb\libg.a(libc_a-strncasecmp.o)
 .ARM.attributes
                0x000007cc       0x2a C:/devkitpro/devkitARM/bin/../lib/gcc/arm-none-eabi/13.2.0/../../../../arm-none-eabi/lib/thumb\libg.a(libc_a-fvwrite.o)
 .ARM.attributes
                0x000007f6       0x2a C:/devkitpro/devkitARM/bin/../lib/gcc/arm-none-eabi/13.2.0/../../../../arm-none-eabi/lib/thumb\libg.a(libc_a-strncmp.o)
 .ARM.attributes
                0x00000820       0x2a C:/devkitpro/devkitARM/bin/../lib/gcc/arm-none-eabi/13.2.0/../../../../arm-none-eabi/lib/thumb\libg.a(libc_a-reallocr.o)
 .ARM.attributes
                0x0000084a       0x2a C:/devkitpro/devkitARM/bin/../lib/gcc/arm-none-eabi/13.2.0/../../../../arm-none-eabi/lib/thumb\libg.a(libc_a-mbtowc_r.o)
 .ARM.attributes
                0x00000874       0x2a C:/devkitpro/devkitARM/bin/../lib/gcc/arm-none-eabi/13.2.0/../../../../arm-none-eabi/lib/thumb\libg.a(libc_a-strtol.o)
 .ARM.attributes
                0x0000089e       0x2a C:/devkitpro/devkitARM/bin/../lib/gcc/arm-none-eabi/13.2.0/../../../../arm-none-eabi/lib/thumb\libg.a(libc_a-errno.o)
 .ARM.attributes
                0x000008c8       0x2a C:/devkitpro/devkitARM/bin/../lib/gcc/arm-none-eabi/13.2.0/../../../../arm-none-eabi/lib/thumb\libg.a(libc_a-makebuf.o)
 .ARM.attributes
                0x000008f2       0x2a C:/devkitpro/devkitARM/bin/../lib/gcc/arm-none-eabi/13.2.0/../../../../arm-none-eabi/lib/thumb\libg.a(libc_a-wcsnrtombs.o)
 .ARM.attributes
                0x0000091c       0x2a C:/devkitpro/devkitARM/bin/../lib/gcc/arm-none-eabi/13.2.0/../../../../arm-none-eabi/lib/thumb\libg.a(libc_a-environ.o)
 .ARM.attributes
                0x00000946       0x2a C:/devkitpro/devkitARM/bin/../lib/gcc/arm-none-eabi/13.2.0/../../../../arm-none-eabi/lib/thumb\libg.a(libc_a-envlock.o)
 .ARM.attributes
                0x00000970       0x2a C:/devkitpro/devkitARM/bin/../lib/gcc/arm-none-eabi/13.2.0/../../../../arm-none-eabi/lib/thumb\libg.a(libc_a-callocr.o)
 .ARM.attributes
                0x0000099a       0x2a C:/devkitpro/devkitARM/bin/../lib/gcc/arm-none-eabi/13.2.0/../../../../arm-none-eabi/lib/thumb\libg.a(libc_a-assert.o)
 .ARM.attributes
                0x000009c4       0x2a C:/devkitpro/devkitARM/bin/../lib/gcc/arm-none-eabi/13.2.0/../../../../arm-none-eabi/lib/thumb\libg.a(libc_a-fiprintf.o)
 .ARM.attributes
                0x000009ee       0x2a C:/devkitpro/devkitARM/bin/../lib/gcc/arm-none-eabi/13.2.0/../../../../arm-none-eabi/lib/thumb\libg.a(libc_a-abort.o)
 .ARM.attributes
                0x00000a18       0x2a C:/devkitpro/devkitARM/bin/../lib/gcc/arm-none-eabi/13.2.0/../../../../arm-none-eabi/lib/thumb\libg.a(libc_a-signal.o)
 .ARM.attributes
                0x00000a42       0x2a C:/devkitpro/devkitARM/bin/../lib/gcc/arm-none-eabi/13.2.0/../../../../arm-none-eabi/lib/thumb\libsysbase.a(libsysbase_libsysbase_a-_exit.o)
 .ARM.attributes
                0x00000a6c       0x2a C:/devkitpro/devkitARM/bin/../lib/gcc/arm-none-eabi/13.2.0/../../../../arm-none-eabi/lib/thumb\libsysbase.a(libsysbase_libsysbase_a-fstat.o)
 .ARM.attributes
                0x00000a96       0x2a C:/devkitpro/devkitARM/bin/../lib/gcc/arm-none-eabi/13.2.0/../../../../arm-none-eabi/lib/thumb\libsysbase.a(libsysbase_libsysbase_a-getpid.o)
 .ARM.attributes
                0x00000ac0       0x2a C:/devkitpro/devkitARM/bin/../lib/gcc/arm-none-eabi/13.2.0/../../../../arm-none-eabi/lib/thumb\libsysbase.a(libsysbase_libsysbase_a-getreent.o)
 .ARM.attributes
                0x00000aea       0x2a C:/devkitpro/devkitARM/bin/../lib/gcc/arm-none-eabi/13.2.0/../../../../arm-none-eabi/lib/thumb\libsysbase.a(libsysbase_libsysbase_a-handle_manager.o)
 .ARM.attributes
                0x00000b14       0x2a C:/devkitpro/devkitARM/bin/../lib/gcc/arm-none-eabi/13.2.0/../../../../arm-none-eabi/lib/thumb\libsysbase.a(libsysbase_libsysbase_a-iosupport.o)
 .ARM.attributes
                0x00000b3e       0x2a C:/devkitpro/devkitARM/bin/../lib/gcc/arm-none-eabi/13.2.0/../../../../arm-none-eabi/lib/thumb\libsysbase.a(libsysbase_libsysbase_a-isatty.o)
 .ARM.attributes
                0x00000b68       0x2a C:/devkitpro/devkitARM/bin/../lib/gcc/arm-none-eabi/13.2.0/../../../../arm-none-eabi/lib/thumb\libsysbase.a(libsysbase_libsysbase_a-kill.o)
 .ARM.attributes
                0x00000b92       0x2a C:/devkitpro/devkitARM/bin/../lib/gcc/arm-none-eabi/13.2.0/../../../../arm-none-eabi/lib/thumb\libsysbase.a(libsysbase_libsysbase_a-lseek.o)
 .ARM.attributes
                0x00000bbc       0x2a C:/devkitpro/devkitARM/bin/../lib/gcc/arm-none-eabi/13.2.0/../../../../arm-none-eabi/lib/thumb\libsysbase.a(libsysbase_libsysbase_a-malloc_vars.o)
 .ARM.attributes
                0x00000be6       0x2a C:/devkitpro/devkitARM/bin/../lib/gcc/arm-none-eabi/13.2.0/../../../../arm-none-eabi/lib/thumb\libsysbase.a(libsysbase_libsysbase_a-read.o)
 .ARM.attributes
                0x00000c10       0x2a C:/devkitpro/devkitARM/bin/../lib/gcc/arm-none-eabi/13.2.0/../../../../arm-none-eabi/lib/thumb\libsysbase.a(libsysbase_libsysbase_a-sbrk.o)
 .ARM.attributes
                0x00000c3a       0x2a C:/devkitpro/devkitARM/bin/../lib/gcc/arm-none-eabi/13.2.0/../../../../arm-none-eabi/lib/thumb\libsysbase.a(libsysbase_libsysbase_a-sleep.o)
 .ARM.attributes
                0x00000c64       0x2a C:/devkitpro/devkitARM/bin/../lib/gcc/arm-none-eabi/13.2.0/../../../../arm-none-eabi/lib/thumb\libsysbase.a(libsysbase_libsysbase_a-syscall_support.o)
 .ARM.attributes
                0x00000c8e       0x2a C:/devkitpro/devkitARM/bin/../lib/gcc/arm-none-eabi/13.2.0/../../../../arm-none-eabi/lib/thumb\libsysbase.a(libsysbase_libsysbase_a-write.o)
 .ARM.attributes
                0x00000cb8       0x2a C:/devkitpro/devkitARM/bin/../lib/gcc/arm-none-eabi/13.2.0/../../../../arm-none-eabi/lib/thumb\libsysbase.a(libsysbase_libsysbase_a-clocks.o)
 .ARM.attributes
                0x00000ce2       0x2a C:/devkitpro/devkitARM/bin/../lib/gcc/arm-none-eabi/13.2.0/../../../../arm-none-eabi/lib/thumb\libsysbase.a(libsysbase_libsysbase_a-nanosleep.o)
 .ARM.attributes
                0x00000d0c       0x1c C:/devkitpro/devkitARM/bin/../lib/gcc/arm-none-eabi/13.2.0/thumb\libgcc.a(_thumb1_case_uqi.o)
 .ARM.attributes
                0x00000d28       0x1c C:/devkitpro/devkitARM/bin/../lib/gcc/arm-none-eabi/13.2.0/thumb\libgcc.a(_thumb1_case_uhi.o)
 .ARM.attributes
                0x00000d44       0x1c C:/devkitpro/devkitARM/bin/../lib/gcc/arm-none-eabi/13.2.0/thumb\libgcc.a(_arm_muldf3.o)
 .ARM.attributes
                0x00000d60       0x1c C:/devkitpro/devkitARM/bin/../lib/gcc/arm-none-eabi/13.2.0/thumb\libgcc.a(_udivsi3.o)
 .ARM.attributes
                0x00000d7c       0x1c C:/devkitpro/devkitARM/bin/../lib/gcc/arm-none-eabi/13.2.0/thumb\libgcc.a(_arm_addsubdf3.o)
 .ARM.attributes
                0x00000d98       0x1c C:/devkitpro/devkitARM/bin/../lib/gcc/arm-none-eabi/13.2.0/thumb\libgcc.a(_arm_muldivdf3.o)
 .ARM.attributes
                0x00000db4       0x1c C:/devkitpro/devkitARM/bin/../lib/gcc/arm-none-eabi/13.2.0/thumb\libgcc.a(_arm_cmpdf2.o)
 .ARM.attributes
                0x00000dd0       0x1c C:/devkitpro/devkitARM/bin/../lib/gcc/arm-none-eabi/13.2.0/thumb\libgcc.a(_arm_unorddf2.o)
 .ARM.attributes
                0x00000dec       0x1c C:/devkitpro/devkitARM/bin/../lib/gcc/arm-none-eabi/13.2.0/thumb\libgcc.a(_arm_fixdfsi.o)
 .ARM.attributes
                0x00000e08       0x1c C:/devkitpro/devkitARM/bin/../lib/gcc/arm-none-eabi/13.2.0/thumb\libgcc.a(_aeabi_uldivmod.o)
 .ARM.attributes
                0x00000e24       0x2a C:/devkitpro/devkitARM/bin/../lib/gcc/arm-none-eabi/13.2.0/thumb\libgcc.a(_muldi3.o)
 .ARM.attributes
                0x00000e4e       0x2a C:/devkitpro/devkitARM/bin/../lib/gcc/arm-none-eabi/13.2.0/thumb\libgcc.a(_udivmoddi4.o)
 .ARM.attributes
                0x00000e78       0x1c C:/devkitpro/devkitARM/bin/../lib/gcc/arm-none-eabi/13.2.0/thumb\libgcc.a(_clzdi2.o)
 .ARM.attributes
                0x00000e94       0x1c C:/devkitpro/devkitARM/bin/../lib/gcc/arm-none-eabi/13.2.0/thumb\libgcc.a(_clzsi2.o)
 .ARM.attributes
                0x00000eb0       0x2a C:/devkitpro/devkitARM/bin/../lib/gcc/arm-none-eabi/13.2.0/../../../../arm-none-eabi/lib/thumb\libg.a(libc_a-malloc.o)
 .ARM.attributes
                0x00000eda       0x2a C:/devkitpro/devkitARM/bin/../lib/gcc/arm-none-eabi/13.2.0/thumb/crtend.o
 .ARM.attributes
                0x00000f04       0x1c C:/devkitpro/devkitARM/bin/../lib/gcc/arm-none-eabi/13.2.0/thumb/crtn.o

/DISCARD/
 *(.note.GNU-stack)
LOAD C:/devkitpro/devkitARM/bin/../lib/gcc/arm-none-eabi/13.2.0/../../../../arm-none-eabi/lib/thumb/gba_crt0.o
LOAD C:/devkitpro/devkitARM/bin/../lib/gcc/arm-none-eabi/13.2.0/thumb/crti.o
LOAD C:/devkitpro/devkitARM/bin/../lib/gcc/arm-none-eabi/13.2.0/thumb/crtbegin.o
LOAD trump.pcx.o
LOAD gbatrump.o
LOAD C:/devkitpro/libgba/lib\libmm.a
LOAD C:/devkitpro/libgba/lib\libgba.a
START GROUP
LOAD C:/devkitpro/devkitARM/bin/../lib/gcc/arm-none-eabi/13.2.0/thumb\libgcc.a
LOAD C:/devkitpro/devkitARM/bin/../lib/gcc/arm-none-eabi/13.2.0/../../../../arm-none-eabi/lib/thumb\libg.a
LOAD C:/devkitpro/devkitARM/bin/../lib/gcc/arm-none-eabi/13.2.0/../../../../arm-none-eabi/lib/thumb\libc.a
LOAD C:/devkitpro/devkitARM/bin/../lib/gcc/arm-none-eabi/13.2.0/../../../../arm-none-eabi/lib/thumb\libsysbase.a
END GROUP
LOAD C:/devkitpro/devkitARM/bin/../lib/gcc/arm-none-eabi/13.2.0/thumb/crtend.o
LOAD C:/devkitpro/devkitARM/bin/../lib/gcc/arm-none-eabi/13.2.0/thumb/crtn.o
OUTPUT(C:/Users/TJBif/Desktop/gba-examples-master/graphics/GBATrump/GBATrump.elf elf32-littlearm)
LOAD linker stubs

.debug_loclists
                0x00000000       0x1a
 .debug_loclists
                0x00000000       0x1a gbatrump.o

.debug_rnglists
                0x00000000       0x25
 .debug_rnglists
                0x00000000       0x25 gbatrump.o

.debug_ranges   0x00000000       0xe8
 .debug_ranges  0x00000000       0x28 C:/devkitpro/libgba/lib\libgba.a(pcx.o)
 .debug_ranges  0x00000028       0x70 C:/devkitpro/libgba/lib\libgba.a(interrupt.o)
 .debug_ranges  0x00000098       0x50 C:/devkitpro/libgba/lib\libgba.a(fade.o)
